Microchip MPLAB XC8 Compiler V1.44 ()

Linker command line:

-W-3 --edf=C:\Program Files (x86)\Microchip\xc8\v1.44\dat\en_msgs.txt -cs \
  -h+dist/default/production\TAG_v4_Morse_1Mhz_opt.production.sym \
  --cmf=dist/default/production\TAG_v4_Morse_1Mhz_opt.production.cmf -z \
  -Q16LF1459 -oC:\Users\Daskals\AppData\Local\Temp\sdik.2 \
  -Mdist/default/production/TAG_v4_Morse_1Mhz_opt.production.map -E1 \
  -ver=XC8 -ASTACK=0215Eh-023efh -pstack=STACK -ACODE=00h-07FFhx4 \
  -ASTRCODE=00h-01FFFh -ASTRING=00h-0FFhx32 -ACONST=00h-0FFhx32 \
  -AENTRY=00h-0FFhx32 -ACOMMON=070h-07Fh -ABANK0=020h-06Fh \
  -ABANK1=0A0h-0EFh -ABANK2=0120h-016Fh -ABANK3=01A0h-01EFh \
  -ABANK4=0220h-026Fh -ABANK5=02A0h-02EFh -ABANK6=0320h-036Fh \
  -ABANK7=03A0h-03EFh -ABANK8=0420h-046Fh -ABANK9=04A0h-04EFh \
  -ABANK10=0520h-056Fh -ABANK11=05A0h-05EFh -ABANK12=0620h-064Fh \
  -ABIGRAM=02000h-023EFh \
  -ARAM=020h-06Fh,0A0h-0EFh,0120h-016Fh,01A0h-01EFh,0220h-026Fh,02A0h-02EFh,0320h-036Fh,03A0h-03EFh,0420h-046Fh,04A0h-04EFh,0520h-056Fh,05A0h-05EFh,0620h-064Fh \
  -AABS1=020h-07Fh,0A0h-0EFh,0120h-016Fh,01A0h-01EFh,0220h-026Fh,02A0h-02EFh,0320h-036Fh,03A0h-03EFh,0420h-046Fh,04A0h-04EFh,0520h-056Fh,05A0h-05EFh,0620h-064Fh \
  -ASFR0=00h-01Fh -ASFR1=080h-09Fh -ASFR2=0100h-011Fh -ASFR3=0180h-019Fh \
  -ASFR4=0200h-021Fh -ASFR5=0280h-029Fh -ASFR6=0300h-031Fh \
  -ASFR7=0380h-039Fh -ASFR8=0400h-041Fh -ASFR9=0480h-049Fh \
  -ASFR10=0500h-051Fh -ASFR11=0580h-059Fh -ASFR12=0600h-061Fh \
  -ASFR13=0680h-06EFh -ASFR14=0700h-076Fh -ASFR15=0780h-07EFh \
  -ASFR16=0800h-086Fh -ASFR17=0880h-08EFh -ASFR18=0900h-096Fh \
  -ASFR19=0980h-09EFh -ASFR20=0A00h-0A6Fh -ASFR21=0A80h-0AEFh \
  -ASFR22=0B00h-0B6Fh -ASFR23=0B80h-0BEFh -ASFR24=0C00h-0C6Fh \
  -ASFR25=0C80h-0CEFh -ASFR26=0D00h-0D6Fh -ASFR27=0D80h-0DEFh \
  -ASFR28=0E00h-0E6Fh -ASFR29=0E80h-0EEFh -ASFR30=0F00h-0F6Fh \
  -ASFR31=0F80h-0FEFh -preset_vec=00h,intentry=04h,init,end_init \
  -ppowerup=CODE -pcinit=CODE -pfunctab=ENTRY -ACONFIG=08007h-08008h \
  -pconfig=CONFIG -DCONFIG=2 -AIDLOC=08000h-08003h -pidloc=IDLOC -DIDLOC=2 \
  -DCODE=2 -DSTRCODE=2 -DSTRING=2 -DCONST=2 -DENTRY=2 -k \
  C:\Users\Daskals\AppData\Local\Temp\sdik.obj \
  dist/default/production\TAG_v4_Morse_1Mhz_opt.production.obj 

Object code version is 3.11

Machine type is 16LF1459



                Name                               Link     Load   Length Selector   Space Scale
C:\Users\Daskals\AppData\Local\Temp\sdik.obj
                end_init                             2B       2B        2        8       0
                reset_vec                             0        0        2        0       0
                config                             8007     8007        2    1000E       0
dist/default/production\TAG_v4_Morse_1Mhz_opt.production.obj
                cinit                                2D       2D       37        8       0
                intentry                              4        4       27        8       0
                text45                             15C5     15C5       1C     2B8A       0
                text44                             15E1     15E1       1D     2BC2       0
                text43                              7FF      7FF        1        8       0
                text42                             150C     150C        B     2A18       0
                text41                             14D6     14D6        4     29AC       0
                text39                             155C     155C       19     2AB8       0
                text38                             14F0     14F0        9     29E0       0
                text37                             1575     1575       1A     2AEA       0
                text36                             14DE     14DE        6     29BC       0
                text35                             1517     1517        B     2A2E       0
                text34                             1502     1502        A     2A04       0
                text33                             158F     158F       1B     2B1E       0
                text32                             14DA     14DA        4     29B4       0
                text31                             1522     1522        F     2A44       0
                text30                             16E5     16E5       32     2DCA       0
                text29                              797      797       64        8       0
                text28                             1531     1531       15     2A62       0
                text27                             1660     1660       2A     2CC0       0
                text26                             161C     161C       22     2C38       0
                text25                              AA6      AA6       A9     154C       0
                text24                             14F9     14F9        9     29F2       0
                text23                              CC8      CC8       F6     1990       0
                text22                             16B7     16B7       2E     2D6E       0
                text21                              B4F      B4F       B4     169E       0
                text20                             15AA     15AA       1B     2B54       0
                text19                              81F      81F       70     103E       0
                text18                             1786     1786       3D     2F0C       0
                text17                             17C3     17C3       3D     2F86       0
                text16                              985      985       87     130A       0
                text15                             174B     174B       3B     2E96       0
                text14                              A0C      A0C       9A     1418       0
                text13                              88F      88F       79     111E       0
                text12                              646      646      151        8       0
                text11                              C03      C03       C5     1806       0
                text10                              DBE      DBE      116     1B7C       0
                text9                              1717     1717       34     2E2E       0
                text8                              168A     168A       2D     2D14       0
                text7                              163E     163E       22     2C7C       0
                text6                               7FB      7FB        4        8       0
                text5                               4AC      4AC      19A        8       0
                text4                              1546     1546       16     2A8C       0
                text3                               908      908       7D     1210       0
                text2                               ED4      ED4      12C     1DA8       0
                text1                              15FE     15FE       1E     2BFC       0
                maintext                             64       64      448        8       0
                cstackBANK0                          20       20       50       20       1
                cstackCOMMON                         70       70        A       70       1
                cstackBANK1                          A0       A0       41       A0       1
                clrtext                            14E4     14E4        6     29C8       0
                inittext                           14EA     14EA        6     29D4       0
                bssBANK4                            220      220       1E      220       1
                bssBANK3                            1A0      1A0       41      1A0       1
                dataBANK2                           152      152       1E      120       1
                bssBANK2                            120      120       32      120       1
                bssBANK1                             E1       E1        E       A0       1
                dataCOMMON                           7A       7A        2       70       1
                stringtext12                       18B9     18B9        3     3000       0
                stringtext11                       18B5     18B5        4     3000       0
                stringtext10                       18B0     18B0        5     3000       0
                stringtext9                        18AB     18AB        5     3000       0
                stringtext8                        18A4     18A4        7     3000       0
                stringtext7                        189D     189D        7     3000       0
                stringtext6                        187E     187E        B     3000       0
                stringtext5                        1800     1800       35     3000       0
                stringtext4                        1860     1860       1E     3000       0
                stringtext3                        1893     1893        A     3000       0
                stringtext2                        1889     1889        A     3000       0
                stringtext1                        1835     1835       2B     3000       0
                idataBANK2                          801      801       1E     1002       0
                idataCOMMON                           2        2        2        0       0

TOTAL           Name                               Link     Load   Length     Space
        CLASS   STACK          

        CLASS   CODE           
                end_init                             2B       2B        2         0
                cinit                                2D       2D       37         0
                intentry                              4        4       27         0
                reset_vec                             0        0        2         0
                text45                             15C5     15C5       1C         0
                text44                             15E1     15E1       1D         0
                text43                              7FF      7FF        1         0
                text42                             150C     150C        B         0
                text41                             14D6     14D6        4         0
                text39                             155C     155C       19         0
                text38                             14F0     14F0        9         0
                text37                             1575     1575       1A         0
                text36                             14DE     14DE        6         0
                text35                             1517     1517        B         0
                text34                             1502     1502        A         0
                text33                             158F     158F       1B         0
                text32                             14DA     14DA        4         0
                text31                             1522     1522        F         0
                text30                             16E5     16E5       32         0
                text29                              797      797       64         0
                text28                             1531     1531       15         0
                text27                             1660     1660       2A         0
                text26                             161C     161C       22         0
                text25                              AA6      AA6       A9         0
                text24                             14F9     14F9        9         0
                text23                              CC8      CC8       F6         0
                text22                             16B7     16B7       2E         0
                text21                              B4F      B4F       B4         0
                text20                             15AA     15AA       1B         0
                text19                              81F      81F       70         0
                text18                             1786     1786       3D         0
                text17                             17C3     17C3       3D         0
                text16                              985      985       87         0
                text15                             174B     174B       3B         0
                text14                              A0C      A0C       9A         0
                text13                              88F      88F       79         0
                text12                              646      646      151         0
                text11                              C03      C03       C5         0
                text10                              DBE      DBE      116         0
                text9                              1717     1717       34         0
                text8                              168A     168A       2D         0
                text7                              163E     163E       22         0
                text6                               7FB      7FB        4         0
                text5                               4AC      4AC      19A         0
                text4                              1546     1546       16         0
                text3                               908      908       7D         0
                text2                               ED4      ED4      12C         0
                text1                              15FE     15FE       1E         0
                maintext                             64       64      448         0
                clrtext                            14E4     14E4        6         0
                inittext                           14EA     14EA        6         0
                idataBANK2                          801      801       1E         0
                idataCOMMON                           2        2        2         0

        CLASS   STRCODE        
                stringtext12                       18B9     18B9        3         0
                stringtext11                       18B5     18B5        4         0
                stringtext10                       18B0     18B0        5         0
                stringtext9                        18AB     18AB        5         0
                stringtext8                        18A4     18A4        7         0
                stringtext7                        189D     189D        7         0
                stringtext6                        187E     187E        B         0
                stringtext5                        1800     1800       35         0
                stringtext4                        1860     1860       1E         0
                stringtext3                        1893     1893        A         0
                stringtext2                        1889     1889        A         0
                stringtext1                        1835     1835       2B         0

        CLASS   STRING         

        CLASS   CONST          

        CLASS   ENTRY          

        CLASS   COMMON         
                cstackCOMMON                         70       70        A         1
                dataCOMMON                           7A       7A        2         1

        CLASS   BANK0          
                cstackBANK0                          20       20       50         1

        CLASS   BANK1          
                cstackBANK1                          A0       A0       41         1
                bssBANK1                             E1       E1        E         1

        CLASS   BANK2          
                dataBANK2                           152      152       1E         1
                bssBANK2                            120      120       32         1

        CLASS   BANK3          
                bssBANK3                            1A0      1A0       41         1

        CLASS   BANK4          
                bssBANK4                            220      220       1E         1

        CLASS   BANK5          

        CLASS   BANK6          

        CLASS   BANK7          

        CLASS   BANK8          

        CLASS   BANK9          

        CLASS   BANK10         

        CLASS   BANK11         

        CLASS   BANK12         

        CLASS   BIGRAM         

        CLASS   RAM            

        CLASS   ABS1           
                abs_s1                               7E       7E        2         1

        CLASS   SFR0           

        CLASS   SFR1           

        CLASS   SFR2           

        CLASS   SFR3           

        CLASS   SFR4           

        CLASS   SFR5           

        CLASS   SFR6           

        CLASS   SFR7           

        CLASS   SFR8           

        CLASS   SFR9           

        CLASS   SFR10          

        CLASS   SFR11          

        CLASS   SFR12          

        CLASS   SFR13          

        CLASS   SFR14          

        CLASS   SFR15          

        CLASS   SFR16          

        CLASS   SFR17          

        CLASS   SFR18          

        CLASS   SFR19          

        CLASS   SFR20          

        CLASS   SFR21          

        CLASS   SFR22          

        CLASS   SFR23          

        CLASS   SFR24          

        CLASS   SFR25          

        CLASS   SFR26          

        CLASS   SFR27          

        CLASS   SFR28          

        CLASS   SFR29          

        CLASS   SFR30          

        CLASS   SFR31          

        CLASS   CONFIG         
                config                             8007     8007        2         0

        CLASS   IDLOC          

        CLASS   BANK31         

        CLASS   BANK30         

        CLASS   BANK29         

        CLASS   BANK28         

        CLASS   BANK27         

        CLASS   BANK26         

        CLASS   BANK25         

        CLASS   BANK24         

        CLASS   BANK23         

        CLASS   BANK22         

        CLASS   BANK21         

        CLASS   BANK20         

        CLASS   BANK19         

        CLASS   BANK18         

        CLASS   BANK17         

        CLASS   BANK16         

        CLASS   BANK15         

        CLASS   BANK14         

        CLASS   BANK13         

        CLASS   EEDATA         



SEGMENTS        Name                           Load    Length   Top    Selector   Space  Class     Delta

                reset_vec                      000000  000004  000004         0       0  CODE        2
                intentry                       000004  0007FC  000800         8       0  CODE        2
                cstackBANK0                    000020  000050  000070        20       1  BANK0       1
                cstackCOMMON                   000070  00000C  00007C        70       1  COMMON      1
                cstackBANK1                    0000A0  00004F  0000EF        A0       1  BANK1       1
                bssBANK2                       000120  000050  000170       120       1  BANK2       1
                bssBANK3                       0001A0  000041  0001E1       1A0       1  BANK3       1
                bssBANK4                       000220  00001E  00023E       220       1  BANK4       1
                idataBANK2                     000801  00001E  00081F      1002       0  CODE        2
                text19                         00081F  000070  00088F      103E       0  CODE        2
                text13                         00088F  000079  000908      111E       0  CODE        2
                text3                          000908  00007D  000985      1210       0  CODE        2
                text16                         000985  000087  000A0C      130A       0  CODE        2
                text14                         000A0C  00009A  000AA6      1418       0  CODE        2
                text25                         000AA6  0000A9  000B4F      154C       0  CODE        2
                text21                         000B4F  0000B4  000C03      169E       0  CODE        2
                text11                         000C03  0000C5  000CC8      1806       0  CODE        2
                text23                         000CC8  0000F6  000DBE      1990       0  CODE        2
                text10                         000DBE  000116  000ED4      1B7C       0  CODE        2
                text2                          000ED4  00012C  001000      1DA8       0  CODE        2
                text41                         0014D6  000004  0014DA      29AC       0  CODE        2
                text32                         0014DA  000004  0014DE      29B4       0  CODE        2
                text36                         0014DE  000006  0014E4      29BC       0  CODE        2
                clrtext                        0014E4  000006  0014EA      29C8       0  CODE        2
                inittext                       0014EA  000006  0014F0      29D4       0  CODE        2
                text38                         0014F0  000009  0014F9      29E0       0  CODE        2
                text24                         0014F9  000009  001502      29F2       0  CODE        2
                text34                         001502  00000A  00150C      2A04       0  CODE        2
                text42                         00150C  00000B  001517      2A18       0  CODE        2
                text35                         001517  00000B  001522      2A2E       0  CODE        2
                text31                         001522  00000F  001531      2A44       0  CODE        2
                text28                         001531  000015  001546      2A62       0  CODE        2
                text4                          001546  000016  00155C      2A8C       0  CODE        2
                text39                         00155C  000019  001575      2AB8       0  CODE        2
                text37                         001575  00001A  00158F      2AEA       0  CODE        2
                text33                         00158F  00001B  0015AA      2B1E       0  CODE        2
                text20                         0015AA  00001B  0015C5      2B54       0  CODE        2
                text45                         0015C5  00001C  0015E1      2B8A       0  CODE        2
                text44                         0015E1  00001D  0015FE      2BC2       0  CODE        2
                text1                          0015FE  00001E  00161C      2BFC       0  CODE        2
                text26                         00161C  000022  00163E      2C38       0  CODE        2
                text7                          00163E  000022  001660      2C7C       0  CODE        2
                text27                         001660  00002A  00168A      2CC0       0  CODE        2
                text8                          00168A  00002D  0016B7      2D14       0  CODE        2
                text22                         0016B7  00002E  0016E5      2D6E       0  CODE        2
                text30                         0016E5  000032  001717      2DCA       0  CODE        2
                text9                          001717  000034  00174B      2E2E       0  CODE        2
                text15                         00174B  00003B  001786      2E96       0  CODE        2
                text18                         001786  00003D  0017C3      2F0C       0  CODE        2
                text17                         0017C3  00003D  001800      2F86       0  CODE        2
                stringtext5                    001800  0000BC  0018BC      3000       0  STRCODE     2
                config                         008007  000002  008009     1000E       0  CONFIG      2


UNUSED ADDRESS RANGES

        Name                Unused          Largest block    Delta
        BANK1            000EF-000EF               1           1
        BANK10           00520-0056F              50           1
        BANK11           005A0-005EF              50           1
        BANK12           00620-0064F              30           1
        BANK3            001E1-001EF               F           1
        BANK4            0023E-0026F              32           1
        BANK5            002A0-002EF              50           1
        BANK6            00320-0036F              50           1
        BANK7            003A0-003EF              50           1
        BANK8            00420-0046F              50           1
        BANK9            004A0-004EF              50           1
        BIGRAM           02000-023EF             3F0           1
        CODE             00800-00800               1           2
                         01000-014D5             4D6
                         018BC-01FFF             744
        COMMON           0007C-0007D               2           1
        CONST            00800-00800               1           2
                         01000-014D5             100
                         018BC-01FFF             100
        ENTRY            00800-00800               1           2
                         01000-014D5             100
                         018BC-01FFF             100
        IDLOC            08000-08003               4           2
        RAM              000EF-000EF               1           1
                         001E1-001EF               F
                         0023E-0026F              32
                         002A0-002EF              50
                         00320-0036F              50
                         003A0-003EF              50
                         00420-0046F              50
                         004A0-004EF              50
                         00520-0056F              50
                         005A0-005EF              50
                         00620-0064F              30
        SFR0             00000-0001F              20           1
        SFR1             00080-0009F              20           1
        SFR10            00500-0051F              20           1
        SFR11            00580-0059F              20           1
        SFR12            00600-0061F              20           1
        SFR13            00680-006EF              70           1
        SFR14            00700-0076F              70           1
        SFR15            00780-007EF              70           1
        SFR16            00800-0086F              70           1
        SFR17            00880-008EF              70           1
        SFR18            00900-0096F              70           1
        SFR19            00980-009EF              70           1
        SFR2             00100-0011F              20           1
        SFR20            00A00-00A6F              70           1
        SFR21            00A80-00AEF              70           1
        SFR22            00B00-00B6F              70           1
        SFR23            00B80-00BEF              70           1
        SFR24            00C00-00C6F              70           1
        SFR25            00C80-00CEF              70           1
        SFR26            00D00-00D6F              70           1
        SFR27            00D80-00DEF              70           1
        SFR28            00E00-00E6F              70           1
        SFR29            00E80-00EEF              70           1
        SFR3             00180-0019F              20           1
        SFR30            00F00-00F6F              70           1
        SFR31            00F80-00FEF              70           1
        SFR4             00200-0021F              20           1
        SFR5             00280-0029F              20           1
        SFR6             00300-0031F              20           1
        SFR7             00380-0039F              20           1
        SFR8             00400-0041F              20           1
        SFR9             00480-0049F              20           1
        STACK            0215E-023EF             292           1
        STRCODE          00800-00800               1           2
                         01000-014D5             4D6
                         018BC-01FFF             744
        STRING           00800-00800               1           2
                         01000-014D5             100
                         018BC-01FFF             100

                                  Symbol Table

?_ADC_GetConversion                      cstackCOMMON 00072
?___altoft                               cstackBANK0  00044
?___awtoft                               cstackBANK0  00020
?___ftadd                                cstackBANK0  0005F
?___ftdiv                                cstackBANK0  00026
?___ftmul                                cstackBANK0  0004F
?___ftneg                                cstackBANK0  0004C
?___ftpack                               cstackCOMMON 00072
?___ftsub                                cstackBANK1  000A0
?___fttol                                cstackBANK0  00036
?___lltoft                               cstackBANK0  00020
?___lmul                                 cstackCOMMON 00072
?___lwdiv                                cstackCOMMON 00072
?___lwmod                                cstackBANK0  00020
?___lwtoft                               cstackBANK0  00020
?___wmul                                 cstackCOMMON 00072
?__doprnt                                cstackBANK0  00026
?_eval_poly                              cstackBANK1  000A0
?_exp                                    cstackBANK1  000AE
?_floor                                  cstackBANK0  0006C
?_frexp                                  cstackCOMMON 00072
?_ldexp                                  cstackBANK1  000A7
?_log                                    cstackBANK1  000A7
?_pow                                    cstackBANK1  000B8
?_printf                                 cstackBANK0  00035
?_sprintf                                cstackBANK0  00035
ADC_GetConversion@channel                cstackCOMMON 00075
EUSART_Write@txData                      cstackCOMMON 00073
INT_SetInterruptHandler@InterruptHandler cstackCOMMON 00072
_ACTCON                                  (abs)        0039B
_ADC0mVolt1                              bssBANK1     000E4
_ADC0mVolt2                              bssBANK1     000E1
_ADCON0                                  (abs)        0009D
_ADCON0bits                              (abs)        0009D
_ADCON1                                  (abs)        0009E
_ADCON2                                  (abs)        0009F
_ADC_GetConversion                       text39       0155C
_ADC_Initialize                          text38       014F0
_ADCres                                  dataBANK2    00166
_ADRESH                                  (abs)        0009C
_ADRESL                                  (abs)        0009B
_ANSELA                                  (abs)        0018C
_ANSELB                                  (abs)        0018D
_ANSELC                                  (abs)        0018E
_APFCON                                  (abs)        0011D
_BAUDCON                                 (abs)        0019F
_EUSART_Initialize                       text37       01575
_EUSART_Receive_ISR                      text45       015C5
_EUSART_Transmit_ISR                     text44       015E1
_EUSART_Write                            text7        0163E
_EXT_INT_Initialize                      text35       01517
_FactorA                                 dataBANK2    0015E
_FactorB                                 dataBANK2    0015B
_FactorC                                 dataBANK2    00158
_FactorD                                 dataBANK2    00155
_INTCONbits                              (abs)        0000B
_INTERRUPT_InterruptManager              intentry     00004
_INT_CallBack                            text42       0150C
_INT_DefaultInterruptHandler             text43       007FF
_INT_ISR                                 text41       014D6
_INT_InterruptHandler                    bssBANK1     000E7
_INT_SetInterruptHandler                 text36       014DE
_LATA                                    (abs)        0010C
_LATB                                    (abs)        0010D
_LATC                                    (abs)        0010E
_LATC3                                   (abs)        00873
_LATC4                                   (abs)        00874
_OPTION_REGbits                          (abs)        00095
_OSCCON                                  (abs)        00099
_OSCILLATOR_Initialize                   text34       01502
_OSCTUNE                                 (abs)        00098
_PIE1bits                                (abs)        00091
_PIN_MANAGER_Initialize                  text33       0158F
_PIR1bits                                (abs)        00011
_PLLRDY                                  (abs)        004D6
_RCREG                                   (abs)        00199
_RCSTA                                   (abs)        0019D
_RCSTAbits                               (abs)        0019D
_SENSORID                                bssBANK2     00142
_SPBRGH                                  (abs)        0019C
_SPBRGL                                  (abs)        0019B
_SYSTEM_Initialize                       text31       01522
_TRISA                                   (abs)        0008C
_TRISB                                   (abs)        0008D
_TRISC                                   (abs)        0008E
_TXREG                                   (abs)        0019A
_TXSTA                                   (abs)        0019E
_TempDIFF                                bssBANK2     00126
_TemporC1                                bssBANK2     0012C
_TemporC2                                bssBANK2     00129
_WDTCON                                  (abs)        00097
_WDT_Initialize                          text32       014DA
_WPUA                                    (abs)        0020C
_WPUB                                    (abs)        0020D
__CFG_BOREN$OFF                          (abs)        00000
__CFG_BORV$LO                            (abs)        00000
__CFG_CLKOUTEN$ON                        (abs)        00000
__CFG_CP$OFF                             (abs)        00000
__CFG_CPUDIV$NOCLKDIV                    (abs)        00000
__CFG_FCMEN$ON                           (abs)        00000
__CFG_FOSC$INTOSC                        (abs)        00000
__CFG_IESO$ON                            (abs)        00000
__CFG_LPBOR$OFF                          (abs)        00000
__CFG_LVP$ON                             (abs)        00000
__CFG_MCLRE$ON                           (abs)        00000
__CFG_PLLEN$ENABLED                      (abs)        00000
__CFG_PLLMULT$4x                         (abs)        00000
__CFG_PWRTE$OFF                          (abs)        00000
__CFG_STVREN$ON                          (abs)        00000
__CFG_USBLSCLK$24MHz                     (abs)        00000
__CFG_WDTE$OFF                           (abs)        00000
__CFG_WRT$OFF                            (abs)        00000
__Habs1                                  abs1         00000
__Hbank0                                 bank0        00000
__Hbank1                                 bank1        00000
__Hbank10                                bank10       00000
__Hbank11                                bank11       00000
__Hbank12                                bank12       00000
__Hbank13                                bank13       00000
__Hbank14                                bank14       00000
__Hbank15                                bank15       00000
__Hbank16                                bank16       00000
__Hbank17                                bank17       00000
__Hbank18                                bank18       00000
__Hbank19                                bank19       00000
__Hbank2                                 bank2        00000
__Hbank20                                bank20       00000
__Hbank21                                bank21       00000
__Hbank22                                bank22       00000
__Hbank23                                bank23       00000
__Hbank24                                bank24       00000
__Hbank25                                bank25       00000
__Hbank26                                bank26       00000
__Hbank27                                bank27       00000
__Hbank28                                bank28       00000
__Hbank29                                bank29       00000
__Hbank3                                 bank3        00000
__Hbank30                                bank30       00000
__Hbank31                                bank31       00000
__Hbank4                                 bank4        00000
__Hbank5                                 bank5        00000
__Hbank6                                 bank6        00000
__Hbank7                                 bank7        00000
__Hbank8                                 bank8        00000
__Hbank9                                 bank9        00000
__Hbigram                                bigram       00000
__HbssBANK1                              bssBANK1     00000
__HbssBANK2                              bssBANK2     00000
__HbssBANK3                              bssBANK3     00000
__HbssBANK4                              bssBANK4     00000
__Hcinit                                 cinit        00064
__Hclrtext                               clrtext      00000
__Hcode                                  code         00000
__Hcommon                                common       00000
__Hconfig                                config       08009
__HcstackBANK0                           cstackBANK0  00000
__HcstackBANK1                           cstackBANK1  00000
__HcstackCOMMON                          cstackCOMMON 00000
__HdataBANK2                             dataBANK2    00000
__HdataCOMMON                            dataCOMMON   00000
__Heeprom_data                           eeprom_data  00000
__Hend_init                              end_init     0002D
__Hfunctab                               functab      00000
__HidataBANK2                            idataBANK2   00000
__HidataCOMMON                           idataCOMMON  00000
__Hidloc                                 idloc        00000
__Hinit                                  init         0002B
__Hinittext                              inittext     00000
__Hintentry                              intentry     0002B
__Hmaintext                              maintext     00000
__Hpowerup                               powerup      00000
__Hram                                   ram          00000
__Hreset_vec                             reset_vec    00002
__Hsfr0                                  sfr0         00000
__Hsfr1                                  sfr1         00000
__Hsfr10                                 sfr10        00000
__Hsfr11                                 sfr11        00000
__Hsfr12                                 sfr12        00000
__Hsfr13                                 sfr13        00000
__Hsfr14                                 sfr14        00000
__Hsfr15                                 sfr15        00000
__Hsfr16                                 sfr16        00000
__Hsfr17                                 sfr17        00000
__Hsfr18                                 sfr18        00000
__Hsfr19                                 sfr19        00000
__Hsfr2                                  sfr2         00000
__Hsfr20                                 sfr20        00000
__Hsfr21                                 sfr21        00000
__Hsfr22                                 sfr22        00000
__Hsfr23                                 sfr23        00000
__Hsfr24                                 sfr24        00000
__Hsfr25                                 sfr25        00000
__Hsfr26                                 sfr26        00000
__Hsfr27                                 sfr27        00000
__Hsfr28                                 sfr28        00000
__Hsfr29                                 sfr29        00000
__Hsfr3                                  sfr3         00000
__Hsfr30                                 sfr30        00000
__Hsfr31                                 sfr31        00000
__Hsfr4                                  sfr4         00000
__Hsfr5                                  sfr5         00000
__Hsfr6                                  sfr6         00000
__Hsfr7                                  sfr7         00000
__Hsfr8                                  sfr8         00000
__Hsfr9                                  sfr9         00000
__Hspace_0                               (abs)        08009
__Hspace_1                               (abs)        0023E
__Hspace_2                               (abs)        00000
__Hspace_3                               (abs)        00000
__Hstack                                 stack        00000
__Hstrings                               strings      00000
__Hstringtext1                           stringtext1  00000
__Hstringtext10                          stringtext10 00000
__Hstringtext11                          stringtext11 00000
__Hstringtext12                          stringtext12 00000
__Hstringtext13                          stringtext13 00000
__Hstringtext2                           stringtext2  00000
__Hstringtext3                           stringtext3  00000
__Hstringtext4                           stringtext4  00000
__Hstringtext5                           stringtext5  00000
__Hstringtext6                           stringtext6  00000
__Hstringtext7                           stringtext7  00000
__Hstringtext8                           stringtext8  00000
__Hstringtext9                           stringtext9  00000
__Htext                                  text         00000
__Labs1                                  abs1         00000
__Lbank0                                 bank0        00000
__Lbank1                                 bank1        00000
__Lbank10                                bank10       00000
__Lbank11                                bank11       00000
__Lbank12                                bank12       00000
__Lbank13                                bank13       00000
__Lbank14                                bank14       00000
__Lbank15                                bank15       00000
__Lbank16                                bank16       00000
__Lbank17                                bank17       00000
__Lbank18                                bank18       00000
__Lbank19                                bank19       00000
__Lbank2                                 bank2        00000
__Lbank20                                bank20       00000
__Lbank21                                bank21       00000
__Lbank22                                bank22       00000
__Lbank23                                bank23       00000
__Lbank24                                bank24       00000
__Lbank25                                bank25       00000
__Lbank26                                bank26       00000
__Lbank27                                bank27       00000
__Lbank28                                bank28       00000
__Lbank29                                bank29       00000
__Lbank3                                 bank3        00000
__Lbank30                                bank30       00000
__Lbank31                                bank31       00000
__Lbank4                                 bank4        00000
__Lbank5                                 bank5        00000
__Lbank6                                 bank6        00000
__Lbank7                                 bank7        00000
__Lbank8                                 bank8        00000
__Lbank9                                 bank9        00000
__Lbigram                                bigram       00000
__LbssBANK1                              bssBANK1     00000
__LbssBANK2                              bssBANK2     00000
__LbssBANK3                              bssBANK3     00000
__LbssBANK4                              bssBANK4     00000
__Lcinit                                 cinit        0002D
__Lclrtext                               clrtext      00000
__Lcode                                  code         00000
__Lcommon                                common       00000
__Lconfig                                config       08007
__LcstackBANK0                           cstackBANK0  00000
__LcstackBANK1                           cstackBANK1  00000
__LcstackCOMMON                          cstackCOMMON 00000
__LdataBANK2                             dataBANK2    00000
__LdataCOMMON                            dataCOMMON   00000
__Leeprom_data                           eeprom_data  00000
__Lend_init                              end_init     0002B
__Lfunctab                               functab      00000
__LidataBANK2                            idataBANK2   00000
__LidataCOMMON                           idataCOMMON  00000
__Lidloc                                 idloc        00000
__Linit                                  init         0002B
__Linittext                              inittext     00000
__Lintentry                              intentry     00004
__Lmaintext                              maintext     00000
__Lpowerup                               powerup      00000
__Lram                                   ram          00000
__Lreset_vec                             reset_vec    00000
__Lsfr0                                  sfr0         00000
__Lsfr1                                  sfr1         00000
__Lsfr10                                 sfr10        00000
__Lsfr11                                 sfr11        00000
__Lsfr12                                 sfr12        00000
__Lsfr13                                 sfr13        00000
__Lsfr14                                 sfr14        00000
__Lsfr15                                 sfr15        00000
__Lsfr16                                 sfr16        00000
__Lsfr17                                 sfr17        00000
__Lsfr18                                 sfr18        00000
__Lsfr19                                 sfr19        00000
__Lsfr2                                  sfr2         00000
__Lsfr20                                 sfr20        00000
__Lsfr21                                 sfr21        00000
__Lsfr22                                 sfr22        00000
__Lsfr23                                 sfr23        00000
__Lsfr24                                 sfr24        00000
__Lsfr25                                 sfr25        00000
__Lsfr26                                 sfr26        00000
__Lsfr27                                 sfr27        00000
__Lsfr28                                 sfr28        00000
__Lsfr29                                 sfr29        00000
__Lsfr3                                  sfr3         00000
__Lsfr30                                 sfr30        00000
__Lsfr31                                 sfr31        00000
__Lsfr4                                  sfr4         00000
__Lsfr5                                  sfr5         00000
__Lsfr6                                  sfr6         00000
__Lsfr7                                  sfr7         00000
__Lsfr8                                  sfr8         00000
__Lsfr9                                  sfr9         00000
__Lspace_0                               (abs)        00000
__Lspace_1                               (abs)        00000
__Lspace_2                               (abs)        00000
__Lspace_3                               (abs)        00000
__Lstack                                 stack        00000
__Lstrings                               strings      00000
__Lstringtext1                           stringtext1  00000
__Lstringtext10                          stringtext10 00000
__Lstringtext11                          stringtext11 00000
__Lstringtext12                          stringtext12 00000
__Lstringtext13                          stringtext13 00000
__Lstringtext2                           stringtext2  00000
__Lstringtext3                           stringtext3  00000
__Lstringtext4                           stringtext4  00000
__Lstringtext5                           stringtext5  00000
__Lstringtext6                           stringtext6  00000
__Lstringtext7                           stringtext7  00000
__Lstringtext8                           stringtext8  00000
__Lstringtext9                           stringtext9  00000
__Ltext                                  text         00000
__S0                                     (abs)        08009
__S1                                     (abs)        0023E
__S2                                     (abs)        00000
___altoft                                text18       01786
___altoft@c                              cstackBANK0  00044
___altoft@exp                            cstackBANK0  0004A
___altoft@sign                           cstackBANK0  0004B
___awtoft                                text26       0161C
___awtoft@c                              cstackBANK0  00020
___awtoft@sign                           cstackBANK0  00025
___ftadd                                 text23       00CC8
___ftadd@exp1                            cstackBANK0  0006B
___ftadd@exp2                            cstackBANK0  0006A
___ftadd@f1                              cstackBANK0  0005F
___ftadd@f2                              cstackBANK0  00062
___ftadd@sign                            cstackBANK0  00069
___ftdiv                                 text25       00AA6
___ftdiv@cntr                            cstackBANK0  00030
___ftdiv@exp                             cstackBANK0  00034
___ftdiv@f1                              cstackBANK0  00029
___ftdiv@f2                              cstackBANK0  00026
___ftdiv@f3                              cstackBANK0  00031
___ftdiv@sign                            cstackBANK0  00035
___ftge                                  text17       017C3
___ftge@ff1                              cstackCOMMON 00072
___ftge@ff2                              cstackCOMMON 00075
___ftmul                                 text21       00B4F
___ftmul@cntr                            cstackBANK0  0005D
___ftmul@exp                             cstackBANK0  00059
___ftmul@f1                              cstackBANK0  0004F
___ftmul@f2                              cstackBANK0  00052
___ftmul@f3_as_product                   cstackBANK0  0005A
___ftmul@sign                            cstackBANK0  0005E
___ftneg                                 text24       014F9
___ftneg@f1                              cstackBANK0  0004C
___ftpack                                text29       00797
___ftpack@arg                            cstackCOMMON 00072
___ftpack@exp                            cstackCOMMON 00075
___ftpack@sign                           cstackCOMMON 00076
___ftsub                                 text22       016B7
___ftsub@f1                              cstackBANK1  000A3
___ftsub@f2                              cstackBANK1  000A0
___fttol                                 text16       00985
___fttol@exp1                            cstackBANK0  00043
___fttol@f1                              cstackBANK0  00036
___fttol@lval                            cstackBANK0  0003F
___fttol@sign1                           cstackBANK0  0003E
___int_sp                                stack        00000
___latbits                               (abs)        00002
___lltoft                                text27       01660
___lltoft@c                              cstackBANK0  00020
___lltoft@exp                            cstackBANK0  00025
___lmul                                  text30       016E5
___lmul@multiplicand                     cstackCOMMON 00076
___lmul@multiplier                       cstackCOMMON 00072
___lmul@product                          cstackBANK0  00020
___lwdiv                                 text9        01717
___lwdiv@counter                         cstackCOMMON 00079
___lwdiv@dividend                        cstackCOMMON 00074
___lwdiv@divisor                         cstackCOMMON 00072
___lwdiv@quotient                        cstackCOMMON 00077
___lwmod                                 text8        0168A
___lwmod@counter                         cstackBANK0  00025
___lwmod@dividend                        cstackBANK0  00022
___lwmod@divisor                         cstackBANK0  00020
___lwtoft                                text28       01531
___lwtoft@c                              cstackBANK0  00020
___sp                                    stack        00000
___wmul                                  text20       015AA
___wmul@multiplicand                     cstackCOMMON 00074
___wmul@multiplier                       cstackCOMMON 00072
___wmul@product                          cstackCOMMON 00076
__doprnt                                 text5        004AC
__doprnt@ap                              cstackBANK0  00028
__doprnt@c                               cstackBANK0  00033
__doprnt@cp                              cstackBANK0  00031
__doprnt@f                               cstackBANK0  00026
__doprnt@flag                            cstackBANK0  0002D
__doprnt@pb                              cstackBANK0  00034
__doprnt@prec                            cstackBANK0  0002E
__doprnt@val                             cstackBANK0  0002F
__end_of_ADC_GetConversion               text39       01575
__end_of_ADC_Initialize                  text38       014F9
__end_of_EUSART_Initialize               text37       0158F
__end_of_EUSART_Receive_ISR              text45       015E1
__end_of_EUSART_Transmit_ISR             text44       015FE
__end_of_EUSART_Write                    text7        01660
__end_of_EXT_INT_Initialize              text35       01522
__end_of_INTERRUPT_InterruptManager      intentry     0002B
__end_of_INT_CallBack                    text42       01517
__end_of_INT_DefaultInterruptHandler     text43       00800
__end_of_INT_ISR                         text41       014DA
__end_of_INT_SetInterruptHandler         text36       014E4
__end_of_OSCILLATOR_Initialize           text34       0150C
__end_of_PIN_MANAGER_Initialize          text33       015AA
__end_of_SYSTEM_Initialize               text31       01531
__end_of_WDT_Initialize                  text32       014DE
__end_of___altoft                        text18       017C3
__end_of___awtoft                        text26       0163E
__end_of___ftadd                         text23       00DBE
__end_of___ftdiv                         text25       00B4F
__end_of___ftge                          text17       01800
__end_of___ftmul                         text21       00C03
__end_of___ftneg                         text24       01502
__end_of___ftpack                        text29       007FB
__end_of___ftsub                         text22       016E5
__end_of___fttol                         text16       00A0C
__end_of___lltoft                        text27       0168A
__end_of___lmul                          text30       01717
__end_of___lwdiv                         text9        0174B
__end_of___lwmod                         text8        016B7
__end_of___lwtoft                        text28       01546
__end_of___wmul                          text20       015C5
__end_of__doprnt                         text5        00646
__end_of__initialization                 cinit        00060
__end_of_dit_dah                         text3        00985
__end_of_dpowers                         stringtext2  01893
__end_of_eval_poly                       text19       0088F
__end_of_exp                             text12       00797
__end_of_floor                           text14       00AA6
__end_of_frexp                           text15       01786
__end_of_ldexp                           text13       00908
__end_of_log                             text11       00CC8
__end_of_m                               stringtext1  01860
__end_of_m2                              stringtext3  0189D
__end_of_main                            maintext     004AC
__end_of_pow                             text10       00ED4
__end_of_printf                          text4        0155C
__end_of_putch                           text6        007FF
__end_of_sendChar                        text2        01000
__end_of_sprintf                         text1        0161C
__end_ofexp@coeff                        stringtext4  0187E
__end_oflog@coeff                        stringtext5  0181B
__initialization                         cinit        0002D
__pbssBANK1                              bssBANK1     000E1
__pbssBANK2                              bssBANK2     00120
__pbssBANK3                              bssBANK3     001A0
__pbssBANK4                              bssBANK4     00220
__pcstackBANK0                           cstackBANK0  00020
__pcstackBANK1                           cstackBANK1  000A0
__pcstackCOMMON                          cstackCOMMON 00070
__pdataBANK2                             dataBANK2    00152
__pdataCOMMON                            dataCOMMON   0007A
__pidataBANK2                            idataBANK2   00801
__pidataCOMMON                           idataCOMMON  00002
__pintentry                              intentry     00004
__pmaintext                              maintext     00064
__pstringtext1                           stringtext1  01835
__pstringtext10                          stringtext10 018B0
__pstringtext11                          stringtext11 018B5
__pstringtext12                          stringtext12 018B9
__pstringtext13                          stringtext13 00000
__pstringtext2                           stringtext2  01889
__pstringtext3                           stringtext3  01893
__pstringtext4                           stringtext4  01860
__pstringtext5                           stringtext5  01800
__pstringtext6                           stringtext6  0187E
__pstringtext7                           stringtext7  0189D
__pstringtext8                           stringtext8  018A4
__pstringtext9                           stringtext9  018AB
__ptext1                                 text1        015FE
__ptext10                                text10       00DBE
__ptext11                                text11       00C03
__ptext12                                text12       00646
__ptext13                                text13       0088F
__ptext14                                text14       00A0C
__ptext15                                text15       0174B
__ptext16                                text16       00985
__ptext17                                text17       017C3
__ptext18                                text18       01786
__ptext19                                text19       0081F
__ptext2                                 text2        00ED4
__ptext20                                text20       015AA
__ptext21                                text21       00B4F
__ptext22                                text22       016B7
__ptext23                                text23       00CC8
__ptext24                                text24       014F9
__ptext25                                text25       00AA6
__ptext26                                text26       0161C
__ptext27                                text27       01660
__ptext28                                text28       01531
__ptext29                                text29       00797
__ptext3                                 text3        00908
__ptext30                                text30       016E5
__ptext31                                text31       01522
__ptext32                                text32       014DA
__ptext33                                text33       0158F
__ptext34                                text34       01502
__ptext35                                text35       01517
__ptext36                                text36       014DE
__ptext37                                text37       01575
__ptext38                                text38       014F0
__ptext39                                text39       0155C
__ptext4                                 text4        01546
__ptext41                                text41       014D6
__ptext42                                text42       0150C
__ptext43                                text43       007FF
__ptext44                                text44       015E1
__ptext45                                text45       015C5
__ptext5                                 text5        004AC
__ptext6                                 text6        007FB
__ptext7                                 text7        0163E
__ptext8                                 text8        0168A
__ptext9                                 text9        01717
__size_of_ADC_GetConversion              (abs)        00000
__size_of_ADC_Initialize                 (abs)        00000
__size_of_EUSART_Initialize              (abs)        00000
__size_of_EUSART_Receive_ISR             (abs)        00000
__size_of_EUSART_Transmit_ISR            (abs)        00000
__size_of_EUSART_Write                   (abs)        00000
__size_of_EXT_INT_Initialize             (abs)        00000
__size_of_INTERRUPT_InterruptManager     (abs)        00000
__size_of_INT_CallBack                   (abs)        00000
__size_of_INT_DefaultInterruptHandler    (abs)        00000
__size_of_INT_ISR                        (abs)        00000
__size_of_INT_SetInterruptHandler        (abs)        00000
__size_of_OSCILLATOR_Initialize          (abs)        00000
__size_of_PIN_MANAGER_Initialize         (abs)        00000
__size_of_SYSTEM_Initialize              (abs)        00000
__size_of_WDT_Initialize                 (abs)        00000
__size_of___altoft                       (abs)        00000
__size_of___awtoft                       (abs)        00000
__size_of___ftadd                        (abs)        00000
__size_of___ftdiv                        (abs)        00000
__size_of___ftge                         (abs)        00000
__size_of___ftmul                        (abs)        00000
__size_of___ftneg                        (abs)        00000
__size_of___ftpack                       (abs)        00000
__size_of___ftsub                        (abs)        00000
__size_of___fttol                        (abs)        00000
__size_of___lltoft                       (abs)        00000
__size_of___lmul                         (abs)        00000
__size_of___lwdiv                        (abs)        00000
__size_of___lwmod                        (abs)        00000
__size_of___lwtoft                       (abs)        00000
__size_of___wmul                         (abs)        00000
__size_of__doprnt                        (abs)        00000
__size_of_dit_dah                        (abs)        00000
__size_of_eval_poly                      (abs)        00000
__size_of_exp                            (abs)        00000
__size_of_floor                          (abs)        00000
__size_of_frexp                          (abs)        00000
__size_of_ldexp                          (abs)        00000
__size_of_log                            (abs)        00000
__size_of_main                           (abs)        00000
__size_of_pow                            (abs)        00000
__size_of_printf                         (abs)        00000
__size_of_putch                          (abs)        00000
__size_of_sendChar                       (abs)        00000
__size_of_sprintf                        (abs)        00000
_delay                                   dataCOMMON   0007A
_dit_dah                                 text3        00908
_dpowers                                 stringtext2  01889
_errno                                   bssBANK2     0013E
_eusartRxBuffer                          bssBANK3     001C5
_eusartRxCount                           bssBANK1     000E9
_eusartRxHead                            bssBANK1     000EB
_eusartRxTail                            bssBANK1     000EA
_eusartTxBuffer                          bssBANK3     001CD
_eusartTxBufferRemaining                 bssBANK1     000EC
_eusartTxHead                            bssBANK1     000EE
_eusartTxTail                            bssBANK1     000ED
_eval_poly                               text19       0081F
_exp                                     text12       00646
_exp$1028                                cstackBANK1  000B2
_floor                                   text14       00A0C
_frexp                                   text15       0174B
_ldexp                                   text13       0088F
_log                                     text11       00C03
_main                                    maintext     00064
_main$1021                               cstackBANK1  000D2
_main$1022                               cstackBANK1  000D5
_main$1023                               cstackBANK1  000D8
_main$1024                               cstackBANK1  000DB
_main$1025                               cstackBANK1  000CF
_packet1                                 bssBANK3     001A0
_pow                                     text10       00DBE
_pow$1026                                cstackBANK1  000BF
_pow$1027                                cstackBANK1  000C2
_printf                                  text4        01546
_putch                                   text6        007FB
_remainder                               bssBANK2     00138
_sendChar                                text2        00ED4
_sensor0                                 bssBANK2     00123
_sensor1                                 bssBANK2     00120
_sleep                                   bssBANK2     00140
_sprintf                                 text1        015FE
_str8                                    bssBANK3     001DB
_temp                                    bssBANK2     0013B
_tens                                    bssBANK2     0014E
_units                                   bssBANK2     0014C
_voltref                                 dataBANK2    00152
btemp                                    (abs)        0007E
clear_ram0                               clrtext      014E4
dit_dah@i                                cstackCOMMON 00075
dit_dah@index                            cstackCOMMON 00072
end_of_initialization                    cinit        00060
eval_poly@d                              cstackBANK1  000A3
eval_poly@n                              cstackBANK1  000A5
eval_poly@res                            cstackBANK0  0006C
eval_poly@x                              cstackBANK1  000A0
exp@coeff                                stringtext4  01860
exp@exponent                             cstackBANK1  000B5
exp@sign                                 cstackBANK1  000B7
exp@x                                    cstackBANK1  000AE
floor@expon                              cstackBANK1  000A3
floor@i                                  cstackBANK1  000A0
floor@x                                  cstackBANK0  0006C
frexp@eptr                               cstackCOMMON 00075
frexp@value                              cstackCOMMON 00072
init_ram                                 inittext     014EA
int$flags                                (abs)        0007E
intlevel0                                functab      00000
intlevel1                                functab      00000
intlevel2                                functab      00000
intlevel3                                functab      00000
intlevel4                                functab      00000
intlevel5                                functab      00000
ldexp@newexp                             cstackBANK1  000AA
ldexp@value                              cstackBANK1  000A7
log@coeff                                stringtext5  01800
log@exponent                             cstackBANK1  000AA
log@x                                    cstackBANK1  000A7
main@c                                   cstackBANK1  000E0
main@count                               cstackBANK1  000CE
main@i                                   cstackBANK1  000CC
main@waitind                             cstackBANK1  000DE
pow@sign                                 cstackBANK1  000C5
pow@x                                    cstackBANK1  000B8
pow@y                                    cstackBANK1  000BB
pow@yi                                   cstackBANK1  000C6
printf@ap                                cstackBANK0  0003A
printf@f                                 cstackBANK0  00035
printf@pb                                cstackBANK0  0003B
putch@txData                             cstackCOMMON 00074
reset_vec                                reset_vec    00000
sendChar@a                               cstackBANK0  00022
sendChar@i                               cstackBANK0  00020
sprintf@ap                               cstackBANK0  0003D
sprintf@f                                cstackBANK0  00035
sprintf@pb                               cstackBANK0  0003E
sprintf@wh                               cstackBANK0  0003C
stackhi                                  (abs)        023EF
stacklo                                  (abs)        0215E
start                                    init         0002B
start_initialization                     cinit        0002D
wtemp0                                   (abs)        0007E


FUNCTION INFORMATION:

 *************** function _main *****************
 Defined at:
		line 128 in file "main.c"
 Parameters:    Size  Location     Type
		None
 Auto vars:     Size  Location     Type
  waitind         2   62[BANK1 ] int 
  c               1   64[BANK1 ] PTR unsigned char 
		 -> str8(6), 
  i               2   44[BANK1 ] int 
  count           1   46[BANK1 ] unsigned char 
 Return value:  Size  Location     Type
                  1    wreg      void 
 Registers used:
		wreg, fsr0l, fsr0h, fsr1l, fsr1h, status,2, status,0, pclath, cstack
 Tracked objects:
		On entry : 
		On exit  : 
		Unchanged: 
 Data sizes:     COMMON   BANK0   BANK1   BANK2   BANK3   BANK4   BANK5   BANK6   BANK7   BANK8   BANK9  BANK10  BANK11  BANK12
      Params:         0       0       0       0       0       0       0       0       0       0       0       0       0       0
      Locals:         0       0      21       0       0       0       0       0       0       0       0       0       0       0
      Temps:          0       0       2       0       0       0       0       0       0       0       0       0       0       0
      Totals:         0       0      23       0       0       0       0       0       0       0       0       0       0       0
Total ram usage:       23 bytes
 Hardware stack levels required when called:    9
 This function calls:
		_ADC_GetConversion
		_ADC_Initialize
		_SYSTEM_Initialize
		___altoft
		___awtoft
		___ftadd
		___ftdiv
		___ftmul
		___ftneg
		___fttol
		___lmul
		___lwtoft
		_pow
		_printf
		_sendChar
		_sprintf
 This function is called by:
		Startup code after reset
 This function uses a non-reentrant model


 *************** function _sprintf *****************
 Defined at:
		line 13 in file "C:\Program Files (x86)\Microchip\xc8\v1.44\sources\common\sprintf.c"
 Parameters:    Size  Location     Type
  wh              1    wreg     PTR unsigned char 
		 -> str8(6), 
  f               2   21[BANK0 ] PTR const unsigned char 
		 -> STR_6(5), 
 Auto vars:     Size  Location     Type
  wh              1   28[BANK0 ] PTR unsigned char 
		 -> str8(6), 
  pb              3   30[BANK0 ] struct __prbuf
  ap              1   29[BANK0 ] PTR void [1]
		 -> ?_sprintf(2), ?_printf(2), 
 Return value:  Size  Location     Type
                  2   21[BANK0 ] int 
 Registers used:
		wreg, fsr0l, fsr0h, fsr1l, fsr1h, status,2, status,0, pclath, cstack
 Tracked objects:
		On entry : 
		On exit  : 
		Unchanged: 
 Data sizes:     COMMON   BANK0   BANK1   BANK2   BANK3   BANK4   BANK5   BANK6   BANK7   BANK8   BANK9  BANK10  BANK11  BANK12
      Params:         0       6       0       0       0       0       0       0       0       0       0       0       0       0
      Locals:         0       5       0       0       0       0       0       0       0       0       0       0       0       0
      Temps:          0       1       0       0       0       0       0       0       0       0       0       0       0       0
      Totals:         0      12       0       0       0       0       0       0       0       0       0       0       0       0
Total ram usage:       12 bytes
 Hardware stack levels used:    1
 Hardware stack levels required when called:    7
 This function calls:
		__doprnt
 This function is called by:
		_main
 This function uses a non-reentrant model


 *************** function _sendChar *****************
 Defined at:
		line 306 in file "main.c"
 Parameters:    Size  Location     Type
  a               1    wreg     unsigned char 
 Auto vars:     Size  Location     Type
  a               1    2[BANK0 ] unsigned char 
  i               2    0[BANK0 ] int 
 Return value:  Size  Location     Type
                  1    wreg      void 
 Registers used:
		wreg, status,2, status,0, pclath, cstack
 Tracked objects:
		On entry : 
		On exit  : 
		Unchanged: 
 Data sizes:     COMMON   BANK0   BANK1   BANK2   BANK3   BANK4   BANK5   BANK6   BANK7   BANK8   BANK9  BANK10  BANK11  BANK12
      Params:         0       0       0       0       0       0       0       0       0       0       0       0       0       0
      Locals:         0       3       0       0       0       0       0       0       0       0       0       0       0       0
      Temps:          1       0       0       0       0       0       0       0       0       0       0       0       0       0
      Totals:         1       3       0       0       0       0       0       0       0       0       0       0       0       0
Total ram usage:        4 bytes
 Hardware stack levels used:    1
 Hardware stack levels required when called:    5
 This function calls:
		_dit_dah
 This function is called by:
		_main
 This function uses a non-reentrant model


 *************** function _dit_dah *****************
 Defined at:
		line 267 in file "main.c"
 Parameters:    Size  Location     Type
  index           2    2[COMMON] int 
 Auto vars:     Size  Location     Type
  i               2    5[COMMON] int 
 Return value:  Size  Location     Type
                  1    wreg      void 
 Registers used:
		wreg, status,2, status,0
 Tracked objects:
		On entry : 
		On exit  : 
		Unchanged: 
 Data sizes:     COMMON   BANK0   BANK1   BANK2   BANK3   BANK4   BANK5   BANK6   BANK7   BANK8   BANK9  BANK10  BANK11  BANK12
      Params:         2       0       0       0       0       0       0       0       0       0       0       0       0       0
      Locals:         2       0       0       0       0       0       0       0       0       0       0       0       0       0
      Temps:          1       0       0       0       0       0       0       0       0       0       0       0       0       0
      Totals:         5       0       0       0       0       0       0       0       0       0       0       0       0       0
Total ram usage:        5 bytes
 Hardware stack levels used:    1
 Hardware stack levels required when called:    4
 This function calls:
		Nothing
 This function is called by:
		_sendChar
 This function uses a non-reentrant model


 *************** function _printf *****************
 Defined at:
		line 13 in file "C:\Program Files (x86)\Microchip\xc8\v1.44\sources\common\printf.c"
 Parameters:    Size  Location     Type
  f               2   21[BANK0 ] PTR const unsigned char 
		 -> STR_8(5), STR_7(4), STR_5(7), 
 Auto vars:     Size  Location     Type
  pb              3   27[BANK0 ] struct __prbuf
  ap              1   26[BANK0 ] PTR void [1]
		 -> ?_sprintf(2), ?_printf(2), 
 Return value:  Size  Location     Type
                  2   21[BANK0 ] int 
 Registers used:
		wreg, fsr0l, fsr0h, fsr1l, fsr1h, status,2, status,0, pclath, cstack
 Tracked objects:
		On entry : 
		On exit  : 
		Unchanged: 
 Data sizes:     COMMON   BANK0   BANK1   BANK2   BANK3   BANK4   BANK5   BANK6   BANK7   BANK8   BANK9  BANK10  BANK11  BANK12
      Params:         0       4       0       0       0       0       0       0       0       0       0       0       0       0
      Locals:         0       4       0       0       0       0       0       0       0       0       0       0       0       0
      Temps:          0       1       0       0       0       0       0       0       0       0       0       0       0       0
      Totals:         0       9       0       0       0       0       0       0       0       0       0       0       0       0
Total ram usage:        9 bytes
 Hardware stack levels used:    1
 Hardware stack levels required when called:    7
 This function calls:
		__doprnt
 This function is called by:
		_main
 This function uses a non-reentrant model


 *************** function __doprnt *****************
 Defined at:
		line 458 in file "C:\Program Files (x86)\Microchip\xc8\v1.44\sources\common\doprnt.c"
 Parameters:    Size  Location     Type
  pb              1    wreg     PTR struct __prbuf
		 -> sprintf@pb(3), printf@pb(3), 
  f               2    6[BANK0 ] PTR const unsigned char 
		 -> STR_8(5), STR_7(4), STR_6(5), STR_5(7), 
  ap              1    8[BANK0 ] PTR PTR void 
		 -> sprintf@ap(1), printf@ap(1), 
 Auto vars:     Size  Location     Type
  pb              1   20[BANK0 ] PTR struct __prbuf
		 -> sprintf@pb(3), printf@pb(3), 
  tmpval          4    0        struct .
  cp              2   17[BANK0 ] PTR const unsigned char 
		 -> ?_sprintf(2), ?_printf(2), NULL(0), STR_9(7), 
		 -> str8(6), 
  val             2   15[BANK0 ] unsigned int 
  len             2    0        unsigned int 
  c               1   19[BANK0 ] char 
  prec            1   14[BANK0 ] char 
  flag            1   13[BANK0 ] unsigned char 
 Return value:  Size  Location     Type
                  2    6[BANK0 ] int 
 Registers used:
		wreg, fsr0l, fsr0h, fsr1l, fsr1h, status,2, status,0, pclath, cstack
 Tracked objects:
		On entry : 
		On exit  : 
		Unchanged: 
 Data sizes:     COMMON   BANK0   BANK1   BANK2   BANK3   BANK4   BANK5   BANK6   BANK7   BANK8   BANK9  BANK10  BANK11  BANK12
      Params:         0       3       0       0       0       0       0       0       0       0       0       0       0       0
      Locals:         0       8       0       0       0       0       0       0       0       0       0       0       0       0
      Temps:          0       4       0       0       0       0       0       0       0       0       0       0       0       0
      Totals:         0      15       0       0       0       0       0       0       0       0       0       0       0       0
Total ram usage:       15 bytes
 Hardware stack levels used:    1
 Hardware stack levels required when called:    6
 This function calls:
		Absolute function
		___lwdiv
		___lwmod
		_putch
 This function is called by:
		_printf
		_sprintf
 This function uses a non-reentrant model


 *************** function _putch *****************
 Defined at:
		line 160 in file "mcc_generated_files/eusart.c"
 Parameters:    Size  Location     Type
  txData          1    4[COMMON] unsigned char 
 Auto vars:     Size  Location     Type
		None
 Return value:  Size  Location     Type
                  1    wreg      void 
 Registers used:
		wreg, fsr1l, fsr1h, status,2, status,0, pclath, cstack
 Tracked objects:
		On entry : 
		On exit  : 
		Unchanged: 
 Data sizes:     COMMON   BANK0   BANK1   BANK2   BANK3   BANK4   BANK5   BANK6   BANK7   BANK8   BANK9  BANK10  BANK11  BANK12
      Params:         1       0       0       0       0       0       0       0       0       0       0       0       0       0
[...]
 Defined at:
		line 70 in file "mcc_generated_files/ext_int.c"
 Parameters:    Size  Location     Type
  InterruptHan    2    2[COMMON] PTR FTN()void 
		 -> INT_DefaultInterruptHandler(1), 
 Auto vars:     Size  Location     Type
		None
 Return value:  Size  Location     Type
                  1    wreg      void 
 Registers used:
		wreg
 Tracked objects:
		On entry : 
		On exit  : 
		Unchanged: 
 Data sizes:     COMMON   BANK0   BANK1   BANK2   BANK3   BANK4   BANK5   BANK6   BANK7   BANK8   BANK9  BANK10  BANK11  BANK12
      Params:         2       0       0       0       0       0       0       0       0       0       0       0       0       0
      Locals:         0       0       0       0       0       0       0       0       0       0       0       0       0       0
      Temps:          0       0       0       0       0       0       0       0       0       0       0       0       0       0
      Totals:         2       0       0       0       0       0       0       0       0       0       0       0       0       0
Total ram usage:        2 bytes
 Hardware stack levels used:    1
 Hardware stack levels required when called:    4
 This function calls:
		Nothing
 This function is called by:
		_EXT_INT_Initialize
 This function uses a non-reentrant model


 *************** function _EUSART_Initialize *****************
 Defined at:
		line 75 in file "mcc_generated_files/eusart.c"
 Parameters:    Size  Location     Type
		None
 Auto vars:     Size  Location     Type
		None
 Return value:  Size  Location     Type
                  1    wreg      void 
 Registers used:
		wreg, status,2
 Tracked objects:
		On entry : 
		On exit  : 
		Unchanged: 
 Data sizes:     COMMON   BANK0   BANK1   BANK2   BANK3   BANK4   BANK5   BANK6   BANK7   BANK8   BANK9  BANK10  BANK11  BANK12
      Params:         0       0       0       0       0       0       0       0       0       0       0       0       0       0
      Locals:         0       0       0       0       0       0       0       0       0       0       0       0       0       0
      Temps:          1       0       0       0       0       0       0       0       0       0       0       0       0       0
      Totals:         1       0       0       0       0       0       0       0       0       0       0       0       0       0
Total ram usage:        1 bytes
 Hardware stack levels used:    1
 Hardware stack levels required when called:    4
 This function calls:
		Nothing
 This function is called by:
		_SYSTEM_Initialize
 This function uses a non-reentrant model


 *************** function _ADC_Initialize *****************
 Defined at:
		line 64 in file "mcc_generated_files/adc.c"
 Parameters:    Size  Location     Type
		None
 Auto vars:     Size  Location     Type
		None
 Return value:  Size  Location     Type
                  1    wreg      void 
 Registers used:
		wreg, status,2
 Tracked objects:
		On entry : 
		On exit  : 
		Unchanged: 
 Data sizes:     COMMON   BANK0   BANK1   BANK2   BANK3   BANK4   BANK5   BANK6   BANK7   BANK8   BANK9  BANK10  BANK11  BANK12
      Params:         0       0       0       0       0       0       0       0       0       0       0       0       0       0
      Locals:         0       0       0       0       0       0       0       0       0       0       0       0       0       0
      Temps:          0       0       0       0       0       0       0       0       0       0       0       0       0       0
      Totals:         0       0       0       0       0       0       0       0       0       0       0       0       0       0
Total ram usage:        0 bytes
 Hardware stack levels used:    1
 Hardware stack levels required when called:    4
 This function calls:
		Nothing
 This function is called by:
		_main
 This function uses a non-reentrant model


 *************** function _ADC_GetConversion *****************
 Defined at:
		line 112 in file "mcc_generated_files/adc.c"
 Parameters:    Size  Location     Type
  channel         1    wreg     enum E2635
 Auto vars:     Size  Location     Type
  channel         1    5[COMMON] enum E2635
 Return value:  Size  Location     Type
                  2    2[COMMON] unsigned int 
 Registers used:
		wreg, status,2, status,0
 Tracked objects:
		On entry : 
		On exit  : 
		Unchanged: 
 Data sizes:     COMMON   BANK0   BANK1   BANK2   BANK3   BANK4   BANK5   BANK6   BANK7   BANK8   BANK9  BANK10  BANK11  BANK12
      Params:         2       0       0       0       0       0       0       0       0       0       0       0       0       0
      Locals:         1       0       0       0       0       0       0       0       0       0       0       0       0       0
      Temps:          1       0       0       0       0       0       0       0       0       0       0       0       0       0
      Totals:         4       0       0       0       0       0       0       0       0       0       0       0       0       0
Total ram usage:        4 bytes
 Hardware stack levels used:    1
 Hardware stack levels required when called:    4
 This function calls:
		Nothing
 This function is called by:
		_main
 This function uses a non-reentrant model


 *************** function _INTERRUPT_InterruptManager *****************
 Defined at:
		line 51 in file "mcc_generated_files/interrupt_manager.c"
 Parameters:    Size  Location     Type
		None
 Auto vars:     Size  Location     Type
		None
 Return value:  Size  Location     Type
                  1    wreg      void 
 Registers used:
		wreg, fsr1l, fsr1h, status,2, status,0, pclath, cstack
 Tracked objects:
		On entry : 
		On exit  : 
		Unchanged: 
 Data sizes:     COMMON   BANK0   BANK1   BANK2   BANK3   BANK4   BANK5   BANK6   BANK7   BANK8   BANK9  BANK10  BANK11  BANK12
      Params:         0       0       0       0       0       0       0       0       0       0       0       0       0       0
      Locals:         0       0       0       0       0       0       0       0       0       0       0       0       0       0
      Temps:          1       0       0       0       0       0       0       0       0       0       0       0       0       0
      Totals:         1       0       0       0       0       0       0       0       0       0       0       0       0       0
Total ram usage:        1 bytes
 Hardware stack levels used:    1
 Hardware stack levels required when called:    3
 This function calls:
		_EUSART_Receive_ISR
		_EUSART_Transmit_ISR
		_INT_ISR
 This function is called by:
		Interrupt level 1
 This function uses a non-reentrant model


 *************** function _INT_ISR *****************
 Defined at:
		line 43 in file "mcc_generated_files/ext_int.c"
 Parameters:    Size  Location     Type
		None
 Auto vars:     Size  Location     Type
		None
 Return value:  Size  Location     Type
                  1    wreg      void 
 Registers used:
		wreg, status,2, status,0, pclath, cstack
 Tracked objects:
		On entry : 
		On exit  : 
		Unchanged: 
 Data sizes:     COMMON   BANK0   BANK1   BANK2   BANK3   BANK4   BANK5   BANK6   BANK7   BANK8   BANK9  BANK10  BANK11  BANK12
      Params:         0       0       0       0       0       0       0       0       0       0       0       0       0       0
      Locals:         0       0       0       0       0       0       0       0       0       0       0       0       0       0
      Temps:          0       0       0       0       0       0       0       0       0       0       0       0       0       0
      Totals:         0       0       0       0       0       0       0       0       0       0       0       0       0       0
Total ram usage:        0 bytes
 Hardware stack levels used:    1
 Hardware stack levels required when called:    2
 This function calls:
		_INT_CallBack
 This function is called by:
		_INTERRUPT_InterruptManager
 This function uses a non-reentrant model


 *************** function _INT_CallBack *****************
 Defined at:
		line 58 in file "mcc_generated_files/ext_int.c"
 Parameters:    Size  Location     Type
		None
 Auto vars:     Size  Location     Type
		None
 Return value:  Size  Location     Type
                  1    wreg      void 
 Registers used:
		wreg, status,2, status,0, pclath, cstack
 Tracked objects:
		On entry : 
		On exit  : 
		Unchanged: 
 Data sizes:     COMMON   BANK0   BANK1   BANK2   BANK3   BANK4   BANK5   BANK6   BANK7   BANK8   BANK9  BANK10  BANK11  BANK12
      Params:         0       0       0       0       0       0       0       0       0       0       0       0       0       0
      Locals:         0       0       0       0       0       0       0       0       0       0       0       0       0       0
      Temps:          0       0       0       0       0       0       0       0       0       0       0       0       0       0
      Totals:         0       0       0       0       0       0       0       0       0       0       0       0       0       0
Total ram usage:        0 bytes
 Hardware stack levels used:    1
 Hardware stack levels required when called:    1
 This function calls:
		Absolute function
		_INT_DefaultInterruptHandler
 This function is called by:
		_INT_ISR
 This function uses a non-reentrant model


 *************** function _INT_DefaultInterruptHandler *****************
 Defined at:
		line 77 in file "mcc_generated_files/ext_int.c"
 Parameters:    Size  Location     Type
		None
 Auto vars:     Size  Location     Type
		None
 Return value:  Size  Location     Type
                  1    wreg      void 
 Registers used:
		None
 Tracked objects:
		On entry : 
		On exit  : 
		Unchanged: 
 Data sizes:     COMMON   BANK0   BANK1   BANK2   BANK3   BANK4   BANK5   BANK6   BANK7   BANK8   BANK9  BANK10  BANK11  BANK12
      Params:         0       0       0       0       0       0       0       0       0       0       0       0       0       0
      Locals:         0       0       0       0       0       0       0       0       0       0       0       0       0       0
      Temps:          0       0       0       0       0       0       0       0       0       0       0       0       0       0
      Totals:         0       0       0       0       0       0       0       0       0       0       0       0       0       0
Total ram usage:        0 bytes
 Hardware stack levels used:    1
 This function calls:
		Nothing
 This function is called by:
		_EXT_INT_Initialize
		_INT_CallBack
 This function uses a non-reentrant model


 *************** function _EUSART_Transmit_ISR *****************
 Defined at:
		line 165 in file "mcc_generated_files/eusart.c"
 Parameters:    Size  Location     Type
		None
 Auto vars:     Size  Location     Type
		None
 Return value:  Size  Location     Type
                  1    wreg      void 
 Registers used:
		wreg, fsr1l, fsr1h, status,2, status,0
 Tracked objects:
		On entry : 
		On exit  : 
		Unchanged: 
 Data sizes:     COMMON   BANK0   BANK1   BANK2   BANK3   BANK4   BANK5   BANK6   BANK7   BANK8   BANK9  BANK10  BANK11  BANK12
      Params:         0       0       0       0       0       0       0       0       0       0       0       0       0       0
      Locals:         0       0       0       0       0       0       0       0       0       0       0       0       0       0
      Temps:          1       0       0       0       0       0       0       0       0       0       0       0       0       0
      Totals:         1       0       0       0       0       0       0       0       0       0       0       0       0       0
Total ram usage:        1 bytes
 Hardware stack levels used:    1
 This function calls:
		Nothing
 This function is called by:
		_INTERRUPT_InterruptManager
 This function uses a non-reentrant model


 *************** function _EUSART_Receive_ISR *****************
 Defined at:
		line 184 in file "mcc_generated_files/eusart.c"
 Parameters:    Size  Location     Type
		None
 Auto vars:     Size  Location     Type
		None
 Return value:  Size  Location     Type
                  1    wreg      void 
 Registers used:
		wreg, fsr1l, fsr1h, status,2, status,0
 Tracked objects:
		On entry : 
		On exit  : 
		Unchanged: 
 Data sizes:     COMMON   BANK0   BANK1   BANK2   BANK3   BANK4   BANK5   BANK6   BANK7   BANK8   BANK9  BANK10  BANK11  BANK12
      Params:         0       0       0       0       0       0       0       0       0       0       0       0       0       0
      Locals:         0       0       0       0       0       0       0       0       0       0       0       0       0       0
      Temps:          1       0       0       0       0       0       0       0       0       0       0       0       0       0
      Totals:         1       0       0       0       0       0       0       0       0       0       0       0       0       0
Total ram usage:        1 bytes
 Hardware stack levels used:    1
 This function calls:
		Nothing
 This function is called by:
		_INTERRUPT_InterruptManager
 This function uses a non-reentrant model



MODULE INFORMATION

Module		Function		Class		Link	Load	Size
C:\Program Files (x86)\Microchip\xc8\v1.44\sources\common\awtoft.c
		___awtoft      		CODE           	161C	0000	35

C:\Program Files (x86)\Microchip\xc8\v1.44\sources\common\awtoft.c estimated size: 35

C:\Program Files (x86)\Microchip\xc8\v1.44\sources\common\lwmod.c
		___lwmod       		CODE           	168A	0000	46

C:\Program Files (x86)\Microchip\xc8\v1.44\sources\common\lwmod.c estimated size: 46

C:\Program Files (x86)\Microchip\xc8\v1.44\sources\common\altoft.c
		___altoft      		CODE           	1786	0000	62

C:\Program Files (x86)\Microchip\xc8\v1.44\sources\common\altoft.c estimated size: 62

C:\Program Files (x86)\Microchip\xc8\v1.44\sources\common\frexp.c
		_ldexp         		CODE           	088F	0000	122
		_frexp         		CODE           	174B	0000	60

C:\Program Files (x86)\Microchip\xc8\v1.44\sources\common\frexp.c estimated size: 182

C:\Program Files (x86)\Microchip\xc8\v1.44\sources\common\lwtoft.c
		___lwtoft      		CODE           	1531	0000	22

C:\Program Files (x86)\Microchip\xc8\v1.44\sources\common\lwtoft.c estimated size: 22

mcc_generated_files/interrupt_manager.c
		_INTERRUPT_InterruptManager		CODE           	0004	0000	40

mcc_generated_files/interrupt_manager.c estimated size: 40

C:\Program Files (x86)\Microchip\xc8\v1.44\sources\common\lltoft.c
		___lltoft      		CODE           	1660	0000	43

C:\Program Files (x86)\Microchip\xc8\v1.44\sources\common\lltoft.c estimated size: 43

C:\Program Files (x86)\Microchip\xc8\v1.44\sources\common\floor.c
		_floor         		CODE           	0A0C	0000	155

C:\Program Files (x86)\Microchip\xc8\v1.44\sources\common\floor.c estimated size: 155

C:\Program Files (x86)\Microchip\xc8\v1.44\sources\common\ftmul.c
		___ftmul       		CODE           	0B4F	0000	181

C:\Program Files (x86)\Microchip\xc8\v1.44\sources\common\ftmul.c estimated size: 181

C:\Program Files (x86)\Microchip\xc8\v1.44\sources\common\ftdiv.c
		___ftdiv       		CODE           	0AA6	0000	170

C:\Program Files (x86)\Microchip\xc8\v1.44\sources\common\ftdiv.c estimated size: 170

mcc_generated_files/pin_manager.c
		_PIN_MANAGER_Initialize		CODE           	158F	0000	28

mcc_generated_files/pin_manager.c estimated size: 28

C:\Program Files (x86)\Microchip\xc8\v1.44\sources\common\ftge.c
		___ftge        		CODE           	17C3	0000	62

C:\Program Files (x86)\Microchip\xc8\v1.44\sources\common\ftge.c estimated size: 62

C:\Program Files (x86)\Microchip\xc8\v1.44\sources\common\lwdiv.c
		___lwdiv       		CODE           	1717	0000	53

C:\Program Files (x86)\Microchip\xc8\v1.44\sources\common\lwdiv.c estimated size: 53

C:\Program Files (x86)\Microchip\xc8\v1.44\sources\common\doprnt.c
		__doprnt       		CODE           	04AC	0000	411

C:\Program Files (x86)\Microchip\xc8\v1.44\sources\common\doprnt.c estimated size: 411

mcc_generated_files/adc.c
		_ADC_Initialize		CODE           	14F0	0000	10
		_ADC_GetConversion		CODE           	155C	0000	26

mcc_generated_files/adc.c estimated size: 36

C:\Program Files (x86)\Microchip\xc8\v1.44\sources\common\Umul16.c
		___wmul        		CODE           	15AA	0000	28

C:\Program Files (x86)\Microchip\xc8\v1.44\sources\common\Umul16.c estimated size: 28

C:\Program Files (x86)\Microchip\xc8\v1.44\sources\common\exp.c
		_exp           		CODE           	0646	0000	338

C:\Program Files (x86)\Microchip\xc8\v1.44\sources\common\exp.c estimated size: 338

C:\Program Files (x86)\Microchip\xc8\v1.44\sources\common\fttol.c
		___fttol       		CODE           	0985	0000	136

C:\Program Files (x86)\Microchip\xc8\v1.44\sources\common\fttol.c estimated size: 136

mcc_generated_files/ext_int.c
		_INT_DefaultInterruptHandler		CODE           	07FF	0000	2
		_EXT_INT_Initialize		CODE           	1517	0000	12
		_INT_SetInterruptHandler		CODE           	14DE	0000	7
		_INT_CallBack  		CODE           	150C	0000	12
		_INT_ISR       		CODE           	14D6	0000	5

mcc_generated_files/ext_int.c estimated size: 38

C:\Program Files (x86)\Microchip\xc8\v1.44\sources\common\evalpoly.c
		_eval_poly     		CODE           	081F	0000	113

C:\Program Files (x86)\Microchip\xc8\v1.44\sources\common\evalpoly.c estimated size: 113

shared
		exp@coeff      		STRCODE        	1860	0000	31
		_m             		STRCODE        	0000	0000	0
		_dpowers       		STRCODE        	1889	0000	11
		_m2            		STRCODE        	0000	0000	0
		__initialization		CODE           	002D	0000	52
		log@coeff      		STRCODE        	1800	0000	28

shared estimated size: 122

C:\Program Files (x86)\Microchip\xc8\v1.44\sources\common\ftadd.c
		___ftadd       		CODE           	0CC8	0000	247

C:\Program Files (x86)\Microchip\xc8\v1.44\sources\common\ftadd.c estimated size: 247

mcc_generated_files/mcc.c
		_WDT_Initialize		CODE           	14DA	0000	5
		_OSCILLATOR_Initialize		CODE           	1502	0000	11
		_SYSTEM_Initialize		CODE           	1522	0000	16

mcc_generated_files/mcc.c estimated size: 32

C:\Program Files (x86)\Microchip\xc8\v1.44\sources\common\log.c
		_log           		CODE           	0C03	0000	198

C:\Program Files (x86)\Microchip\xc8\v1.44\sources\common\log.c estimated size: 198

C:\Program Files (x86)\Microchip\xc8\v1.44\sources\common\Umul32.c
		___lmul        		CODE           	16E5	0000	51

C:\Program Files (x86)\Microchip\xc8\v1.44\sources\common\Umul32.c estimated size: 51

mcc_generated_files/eusart.c
		_putch         		CODE           	07FB	0000	5
		_EUSART_Write  		CODE           	163E	0000	35
		_EUSART_Transmit_ISR		CODE           	15E1	0000	30
		_EUSART_Initialize		CODE           	1575	0000	27
		_EUSART_Receive_ISR		CODE           	15C5	0000	29

mcc_generated_files/eusart.c estimated size: 126

C:\Program Files (x86)\Microchip\xc8\v1.44\sources\common\ftneg.c
		___ftneg       		CODE           	14F9	0000	10

C:\Program Files (x86)\Microchip\xc8\v1.44\sources\common\ftneg.c estimated size: 10

main.c
		_main          		CODE           	0064	0000	1097
		_dit_dah       		CODE           	0908	0000	126
		_sendChar      		CODE           	0ED4	0000	301

main.c estimated size: 1524

C:\Program Files (x86)\Microchip\xc8\v1.44\sources\common\printf.c
		_printf        		CODE           	1546	0000	23

C:\Program Files (x86)\Microchip\xc8\v1.44\sources\common\printf.c estimated size: 23

C:\Program Files (x86)\Microchip\xc8\v1.44\sources\common\sprintf.c
		_sprintf       		CODE           	15FE	0000	31

C:\Program Files (x86)\Microchip\xc8\v1.44\sources\common\sprintf.c estimated size: 31

C:\Program Files (x86)\Microchip\xc8\v1.44\sources\common\ftsub.c
		___ftsub       		CODE           	16B7	0000	47

C:\Program Files (x86)\Microchip\xc8\v1.44\sources\common\ftsub.c estimated size: 47

C:\Program Files (x86)\Microchip\xc8\v1.44\sources\common\pow.c
		_pow           		CODE           	0DBE	0000	279

C:\Program Files (x86)\Microchip\xc8\v1.44\sources\common\pow.c estimated size: 279

C:\Program Files (x86)\Microchip\xc8\v1.44\sources\common\float.c
		___ftpack      		CODE           	0797	0000	101

C:\Program Files (x86)\Microchip\xc8\v1.44\sources\common\float.c estimated size: 101

