Microchip MPLAB XC8 Compiler V1.44 ()

Linker command line:

-W-3 --edf=C:\Program Files (x86)\Microchip\xc8\v1.44\dat\en_msgs.txt -cs \
  -h+dist/default/production\TAG_v4_Morse_32KHz.production.sym \
  --cmf=dist/default/production\TAG_v4_Morse_32KHz.production.cmf -z \
  -Q16LF1459 -oC:\Users\Daskals\AppData\Local\Temp\s4to.2 \
  -Mdist/default/production/TAG_v4_Morse_32KHz.production.map -E1 -ver=XC8 \
  -ASTACK=02139h-023efh -pstack=STACK -ACODE=00h-07FFhx4 \
  -ASTRCODE=00h-01FFFh -ASTRING=00h-0FFhx32 -ACONST=00h-0FFhx32 \
  -AENTRY=00h-0FFhx32 -ACOMMON=070h-07Fh -ABANK0=020h-06Fh \
  -ABANK1=0A0h-0EFh -ABANK2=0120h-016Fh -ABANK3=01A0h-01EFh \
  -ABANK4=0220h-026Fh -ABANK5=02A0h-02EFh -ABANK6=0320h-036Fh \
  -ABANK7=03A0h-03EFh -ABANK8=0420h-046Fh -ABANK9=04A0h-04EFh \
  -ABANK10=0520h-056Fh -ABANK11=05A0h-05EFh -ABANK12=0620h-064Fh \
  -ABIGRAM=02000h-023EFh \
  -ARAM=020h-06Fh,0A0h-0EFh,0120h-016Fh,01A0h-01EFh,0220h-026Fh,02A0h-02EFh,0320h-036Fh,03A0h-03EFh,0420h-046Fh,04A0h-04EFh,0520h-056Fh,05A0h-05EFh,0620h-064Fh \
  -AABS1=020h-07Fh,0A0h-0EFh,0120h-016Fh,01A0h-01EFh,0220h-026Fh,02A0h-02EFh,0320h-036Fh,03A0h-03EFh,0420h-046Fh,04A0h-04EFh,0520h-056Fh,05A0h-05EFh,0620h-064Fh \
  -ASFR0=00h-01Fh -ASFR1=080h-09Fh -ASFR2=0100h-011Fh -ASFR3=0180h-019Fh \
  -ASFR4=0200h-021Fh -ASFR5=0280h-029Fh -ASFR6=0300h-031Fh \
  -ASFR7=0380h-039Fh -ASFR8=0400h-041Fh -ASFR9=0480h-049Fh \
  -ASFR10=0500h-051Fh -ASFR11=0580h-059Fh -ASFR12=0600h-061Fh \
  -ASFR13=0680h-06EFh -ASFR14=0700h-076Fh -ASFR15=0780h-07EFh \
  -ASFR16=0800h-086Fh -ASFR17=0880h-08EFh -ASFR18=0900h-096Fh \
  -ASFR19=0980h-09EFh -ASFR20=0A00h-0A6Fh -ASFR21=0A80h-0AEFh \
  -ASFR22=0B00h-0B6Fh -ASFR23=0B80h-0BEFh -ASFR24=0C00h-0C6Fh \
  -ASFR25=0C80h-0CEFh -ASFR26=0D00h-0D6Fh -ASFR27=0D80h-0DEFh \
  -ASFR28=0E00h-0E6Fh -ASFR29=0E80h-0EEFh -ASFR30=0F00h-0F6Fh \
  -ASFR31=0F80h-0FEFh -preset_vec=00h,intentry=04h,init,end_init \
  -ppowerup=CODE -pcinit=CODE -pfunctab=ENTRY -ACONFIG=08007h-08008h \
  -pconfig=CONFIG -DCONFIG=2 -AIDLOC=08000h-08003h -pidloc=IDLOC -DIDLOC=2 \
  -DCODE=2 -DSTRCODE=2 -DSTRING=2 -DCONST=2 -DENTRY=2 -k \
  C:\Users\Daskals\AppData\Local\Temp\s4to.obj \
  dist/default/production\TAG_v4_Morse_32KHz.production.obj 

Object code version is 3.11

Machine type is 16LF1459



                Name                               Link     Load   Length Selector   Space Scale
C:\Users\Daskals\AppData\Local\Temp\s4to.obj
                end_init                             13       13        2        8       0
                reset_vec                             0        0        2        0       0
                config                             8007     8007        2    1000E       0
dist/default/production\TAG_v4_Morse_32KHz.production.obj
                cinit                                15       15       33        8       0
                intentry                              4        4        F        8       0
                text41                                2        2        1        0       0
                text40                             1674     1674        B     2CE8       0
                text39                             163E     163E        4     2C7C       0
                text37                             16A9     16A9       15     2D52       0
                text36                             1662     1662        9     2CC4       0
                text35                             164A     164A        6     2C94       0
                text34                             167F     167F        B     2CFE       0
                text33                             1650     1650        6     2CA0       0
                text32                             16D4     16D4       1B     2DA8       0
                text31                             1642     1642        4     2C84       0
                text30                             168A     168A        C     2D14       0
                text29                             179D     179D       2F     2F3A       0
                text28                              8D5      8D5       64     11AA       0
                text27                             1696     1696       13     2D2C       0
                text26                             1747     1747       29     2E8E       0
                text25                              801      801       21     1002       0
                text24                              BD8      BD8       A9     17B0       0
                text23                             166B     166B        9     2CD6       0
                text22                              E01      E01       F6     1C02       0
                text21                             170B     170B       1E     2E16       0
                text20                              C81      C81       B4     1902       0
                text19                              7E5      7E5       1B        8       0
                text18                              939      939       74     1272       0
                text17                              898      898       3D     1130       0
                text16                              822      822       3B     1044       0
                text15                              A26      A26       87     144C       0
                text14                              85D      85D       3B     10BA       0
                text13                              B3E      B3E       9A     167C       0
                text12                              9AD      9AD       79     135A       0
                text11                              44A      44A      15E        8       0
                text10                              D35      D35       CC     1A6A       0
                text9                               EF7      EF7      109     1DEE       0
                text8                              17CC     17CC       34     2F98       0
                text7                              1770     1770       2D     2EE0       0
                text6                                 3        3        1        6       0
                text5                               5A8      5A8      11F        8       0
                text4                              16BE     16BE       16     2D7C       0
                text3                               AAD      AAD       91     155A       0
                text2                               6C7      6C7      11E        8       0
                text1                              1729     1729       1E     2E52       0
                maintext                             48       48      402        8       0
                cstackBANK0                          20       20       50       20       1
                cstackCOMMON                         70       70        D       70       1
                cstackBANK1                          A0       A0       3C       A0       1
                clrtext                            1656     1656        6     2CAC       0
                inittext                           165C     165C        6     2CB8       0
                bssBANK3                            1A0      1A0       49      1A0       1
                dataBANK2                           14F      14F       1C      120       1
                bssBANK2                            120      120       2F      120       1
                dataBANK1                            EB       EB        4       A0       1
                bssBANK1                             DC       DC        F       A0       1
                stringtext10                       18A9     18A9        3     3000       0
                stringtext9                        18A4     18A4        5     3000       0
                stringtext8                        189D     189D        7     3000       0
                stringtext7                        187E     187E        B     3000       0
                stringtext6                        1864     1864       1A     3000       0
                nvBANK2                             16B      16B        2      120       1
                stringtext5                        1849     1849       1B     3000       0
                stringtext4                        182B     182B       1E     3000       0
                stringtext3                        1893     1893        A     3000       0
                stringtext2                        1889     1889        A     3000       0
                stringtext1                        1800     1800       2B     3000       0
                idataBANK2                         16EF     16EF       1C     2DDE       0
                idataBANK1                         1646     1646        4     2C8C       0

TOTAL           Name                               Link     Load   Length     Space
        CLASS   STACK          

        CLASS   CODE           
                end_init                             13       13        2         0
                cinit                                15       15       33         0
                intentry                              4        4        F         0
                reset_vec                             0        0        2         0
                text41                                2        2        1         0
                text40                             1674     1674        B         0
                text39                             163E     163E        4         0
                text37                             16A9     16A9       15         0
                text36                             1662     1662        9         0
                text35                             164A     164A        6         0
                text34                             167F     167F        B         0
                text33                             1650     1650        6         0
                text32                             16D4     16D4       1B         0
                text31                             1642     1642        4         0
                text30                             168A     168A        C         0
                text29                             179D     179D       2F         0
                text28                              8D5      8D5       64         0
                text27                             1696     1696       13         0
                text26                             1747     1747       29         0
                text25                              801      801       21         0
                text24                              BD8      BD8       A9         0
                text23                             166B     166B        9         0
                text22                              E01      E01       F6         0
                text21                             170B     170B       1E         0
                text20                              C81      C81       B4         0
                text19                              7E5      7E5       1B         0
                text18                              939      939       74         0
                text17                              898      898       3D         0
                text16                              822      822       3B         0
                text15                              A26      A26       87         0
                text14                              85D      85D       3B         0
                text13                              B3E      B3E       9A         0
                text12                              9AD      9AD       79         0
                text11                              44A      44A      15E         0
                text10                              D35      D35       CC         0
                text9                               EF7      EF7      109         0
                text8                              17CC     17CC       34         0
                text7                              1770     1770       2D         0
                text6                                 3        3        1         0
                text5                               5A8      5A8      11F         0
                text4                              16BE     16BE       16         0
                text3                               AAD      AAD       91         0
                text2                               6C7      6C7      11E         0
                text1                              1729     1729       1E         0
                maintext                             48       48      402         0
                clrtext                            1656     1656        6         0
                inittext                           165C     165C        6         0
                idataBANK2                         16EF     16EF       1C         0
                idataBANK1                         1646     1646        4         0

        CLASS   STRCODE        
                stringtext10                       18A9     18A9        3         0
                stringtext9                        18A4     18A4        5         0
                stringtext8                        189D     189D        7         0
                stringtext7                        187E     187E        B         0
                stringtext6                        1864     1864       1A         0
                stringtext5                        1849     1849       1B         0
                stringtext4                        182B     182B       1E         0
                stringtext3                        1893     1893        A         0
                stringtext2                        1889     1889        A         0
                stringtext1                        1800     1800       2B         0

        CLASS   STRING         

        CLASS   CONST          

        CLASS   ENTRY          

        CLASS   COMMON         
                cstackCOMMON                         70       70        D         1

        CLASS   BANK0          
                cstackBANK0                          20       20       50         1

        CLASS   BANK1          
                cstackBANK1                          A0       A0       3C         1
                dataBANK1                            EB       EB        4         1
                bssBANK1                             DC       DC        F         1

        CLASS   BANK2          
                dataBANK2                           14F      14F       1C         1
                bssBANK2                            120      120       2F         1
                nvBANK2                             16B      16B        2         1

        CLASS   BANK3          
                bssBANK3                            1A0      1A0       49         1

        CLASS   BANK4          

        CLASS   BANK5          

        CLASS   BANK6          

        CLASS   BANK7          

        CLASS   BANK8          

        CLASS   BANK9          

        CLASS   BANK10         

        CLASS   BANK11         

        CLASS   BANK12         

        CLASS   BIGRAM         

        CLASS   RAM            

        CLASS   ABS1           
                abs_s1                               7E       7E        2         1

        CLASS   SFR0           

        CLASS   SFR1           

        CLASS   SFR2           

        CLASS   SFR3           

        CLASS   SFR4           

        CLASS   SFR5           

        CLASS   SFR6           

        CLASS   SFR7           

        CLASS   SFR8           

        CLASS   SFR9           

        CLASS   SFR10          

        CLASS   SFR11          

        CLASS   SFR12          

        CLASS   SFR13          

        CLASS   SFR14          

        CLASS   SFR15          

        CLASS   SFR16          

        CLASS   SFR17          

        CLASS   SFR18          

        CLASS   SFR19          

        CLASS   SFR20          

        CLASS   SFR21          

        CLASS   SFR22          

        CLASS   SFR23          

        CLASS   SFR24          

        CLASS   SFR25          

        CLASS   SFR26          

        CLASS   SFR27          

        CLASS   SFR28          

        CLASS   SFR29          

        CLASS   SFR30          

        CLASS   SFR31          

        CLASS   CONFIG         
                config                             8007     8007        2         0

        CLASS   IDLOC          

        CLASS   BANK31         

        CLASS   BANK30         

        CLASS   BANK29         

        CLASS   BANK28         

        CLASS   BANK27         

        CLASS   BANK26         

        CLASS   BANK25         

        CLASS   BANK24         

        CLASS   BANK23         

        CLASS   BANK22         

        CLASS   BANK21         

        CLASS   BANK20         

        CLASS   BANK19         

        CLASS   BANK18         

        CLASS   BANK17         

        CLASS   BANK16         

        CLASS   BANK15         

        CLASS   BANK14         

        CLASS   BANK13         

        CLASS   EEDATA         



SEGMENTS        Name                           Load    Length   Top    Selector   Space  Class     Delta

                reset_vec                      000000  000003  000003         0       0  CODE        2
                text6                          000003  000001  000004         6       0  CODE        2
                intentry                       000004  0007FC  000800         8       0  CODE        2
                cstackBANK0                    000020  000050  000070        20       1  BANK0       1
                cstackCOMMON                   000070  00000D  00007D        70       1  COMMON      1
                cstackBANK1                    0000A0  00004F  0000EF        A0       1  BANK1       1
                bssBANK2                       000120  00004D  00016D       120       1  BANK2       1
                bssBANK3                       0001A0  000049  0001E9       1A0       1  BANK3       1
                text25                         000801  000021  000822      1002       0  CODE        2
                text16                         000822  00003B  00085D      1044       0  CODE        2
                text14                         00085D  00003B  000898      10BA       0  CODE        2
                text17                         000898  00003D  0008D5      1130       0  CODE        2
                text28                         0008D5  000064  000939      11AA       0  CODE        2
                text18                         000939  000074  0009AD      1272       0  CODE        2
                text12                         0009AD  000079  000A26      135A       0  CODE        2
                text15                         000A26  000087  000AAD      144C       0  CODE        2
                text3                          000AAD  000091  000B3E      155A       0  CODE        2
                text13                         000B3E  00009A  000BD8      167C       0  CODE        2
                text24                         000BD8  0000A9  000C81      17B0       0  CODE        2
                text20                         000C81  0000B4  000D35      1902       0  CODE        2
                text10                         000D35  0000CC  000E01      1A6A       0  CODE        2
                text22                         000E01  0000F6  000EF7      1C02       0  CODE        2
                text9                          000EF7  000109  001000      1DEE       0  CODE        2
                text39                         00163E  000004  001642      2C7C       0  CODE        2
                text31                         001642  000004  001646      2C84       0  CODE        2
                idataBANK1                     001646  000004  00164A      2C8C       0  CODE        2
                text35                         00164A  000006  001650      2C94       0  CODE        2
                text33                         001650  000006  001656      2CA0       0  CODE        2
                clrtext                        001656  000006  00165C      2CAC       0  CODE        2
                inittext                       00165C  000006  001662      2CB8       0  CODE        2
                text36                         001662  000009  00166B      2CC4       0  CODE        2
                text23                         00166B  000009  001674      2CD6       0  CODE        2
                text40                         001674  00000B  00167F      2CE8       0  CODE        2
                text34                         00167F  00000B  00168A      2CFE       0  CODE        2
                text30                         00168A  00000C  001696      2D14       0  CODE        2
                text27                         001696  000013  0016A9      2D2C       0  CODE        2
                text37                         0016A9  000015  0016BE      2D52       0  CODE        2
                text4                          0016BE  000016  0016D4      2D7C       0  CODE        2
                text32                         0016D4  00001B  0016EF      2DA8       0  CODE        2
                idataBANK2                     0016EF  00001C  00170B      2DDE       0  CODE        2
                text21                         00170B  00001E  001729      2E16       0  CODE        2
                text1                          001729  00001E  001747      2E52       0  CODE        2
                text26                         001747  000029  001770      2E8E       0  CODE        2
                text7                          001770  00002D  00179D      2EE0       0  CODE        2
                text29                         00179D  00002F  0017CC      2F3A       0  CODE        2
                text8                          0017CC  000034  001800      2F98       0  CODE        2
                stringtext1                    001800  0000AC  0018AC      3000       0  STRCODE     2
                config                         008007  000002  008009     1000E       0  CONFIG      2


UNUSED ADDRESS RANGES

        Name                Unused          Largest block    Delta
        BANK1            000EF-000EF               1           1
        BANK10           00520-0056F              50           1
        BANK11           005A0-005EF              50           1
        BANK12           00620-0064F              30           1
        BANK2            0016D-0016F               3           1
        BANK3            001E9-001EF               7           1
        BANK4            00220-0026F              50           1
        BANK5            002A0-002EF              50           1
        BANK6            00320-0036F              50           1
        BANK7            003A0-003EF              50           1
        BANK8            00420-0046F              50           1
        BANK9            004A0-004EF              50           1
        BIGRAM           02000-023EF             3F0           1
        CODE             00800-00800               1           2
                         01000-0163D             63E
                         018AC-01FFF             754
        COMMON           0007D-0007D               1           1
        CONST            00800-00800               1           2
                         01000-0163D             100
                         018AC-01FFF             100
        ENTRY            00800-00800               1           2
                         01000-0163D             100
                         018AC-01FFF             100
        IDLOC            08000-08003               4           2
        RAM              000EF-000EF               1           1
                         0016D-0016F               3
                         001E9-001EF               7
                         00220-0026F              50
                         002A0-002EF              50
                         00320-0036F              50
                         003A0-003EF              50
                         00420-0046F              50
                         004A0-004EF              50
                         00520-0056F              50
                         005A0-005EF              50
                         00620-0064F              30
        SFR0             00000-0001F              20           1
        SFR1             00080-0009F              20           1
        SFR10            00500-0051F              20           1
        SFR11            00580-0059F              20           1
        SFR12            00600-0061F              20           1
        SFR13            00680-006EF              70           1
        SFR14            00700-0076F              70           1
        SFR15            00780-007EF              70           1
        SFR16            00800-0086F              70           1
        SFR17            00880-008EF              70           1
        SFR18            00900-0096F              70           1
        SFR19            00980-009EF              70           1
        SFR2             00100-0011F              20           1
        SFR20            00A00-00A6F              70           1
        SFR21            00A80-00AEF              70           1
        SFR22            00B00-00B6F              70           1
        SFR23            00B80-00BEF              70           1
        SFR24            00C00-00C6F              70           1
        SFR25            00C80-00CEF              70           1
        SFR26            00D00-00D6F              70           1
        SFR27            00D80-00DEF              70           1
        SFR28            00E00-00E6F              70           1
        SFR29            00E80-00EEF              70           1
        SFR3             00180-0019F              20           1
        SFR30            00F00-00F6F              70           1
        SFR31            00F80-00FEF              70           1
        SFR4             00200-0021F              20           1
        SFR5             00280-0029F              20           1
        SFR6             00300-0031F              20           1
        SFR7             00380-0039F              20           1
        SFR8             00400-0041F              20           1
        SFR9             00480-0049F              20           1
        STACK            02139-023EF             2B7           1
        STRCODE          00800-00800               1           2
                         01000-0163D             63E
                         018AC-01FFF             754
        STRING           00800-00800               1           2
                         01000-0163D             100
                         018AC-01FFF             100

                                  Symbol Table

?_ADC_GetConversion                      cstackCOMMON 00071
?___altoft                               cstackBANK0  00040
?___awtoft                               cstackCOMMON 00079
?___ftadd                                cstackBANK0  0005B
?___ftdiv                                cstackBANK0  00022
?___ftmul                                cstackBANK0  0004B
?___ftneg                                cstackBANK0  00048
?___ftpack                               cstackCOMMON 00071
?___ftsub                                cstackBANK0  00068
?___fttol                                cstackBANK0  00032
?___lltoft                               cstackCOMMON 00079
?___lmul                                 cstackCOMMON 00071
?___lwdiv                                cstackCOMMON 00071
?___lwmod                                cstackCOMMON 00079
?___lwtoft                               cstackCOMMON 00079
?___wmul                                 cstackCOMMON 00071
?__doprnt                                cstackBANK0  00022
?_eval_poly                              cstackBANK0  00068
?_exp                                    cstackBANK1  000AA
?_floor                                  cstackBANK0  00068
?_frexp                                  cstackCOMMON 00071
?_ldexp                                  cstackBANK1  000A3
?_log                                    cstackBANK1  000A3
?_pow                                    cstackBANK1  000B4
?_printf                                 cstackBANK0  0002F
?_sprintf                                cstackBANK0  0002F
ADC_GetConversion@channel                cstackCOMMON 00074
INT_SetInterruptHandler@InterruptHandler cstackCOMMON 00071
_ACTCON                                  (abs)        0039B
_ADC0mVolt1                              bssBANK1     000DF
_ADC0mVolt2                              bssBANK1     000DC
_ADCON0                                  (abs)        0009D
_ADCON0bits                              (abs)        0009D
_ADCON1                                  (abs)        0009E
_ADCON2                                  (abs)        0009F
_ADC_GetConversion                       text37       016A9
_ADC_Initialize                          text36       01662
_ADCres                                  dataBANK1    000ED
_ADRESH                                  (abs)        0009C
_ADRESL                                  (abs)        0009B
_ANSELA                                  (abs)        0018C
_ANSELB                                  (abs)        0018D
_ANSELC                                  (abs)        0018E
_APFCON                                  (abs)        0011D
_EXT_INT_Initialize                      text34       0167F
_FactorA                                 dataBANK2    0015B
_FactorB                                 dataBANK2    00158
_FactorC                                 dataBANK2    00155
_FactorD                                 dataBANK2    00152
_INTCONbits                              (abs)        0000B
_INTERRUPT_InterruptManager              intentry     00004
_INT_CallBack                            text40       01674
_INT_DefaultInterruptHandler             text41       00002
_INT_ISR                                 text39       0163E
_INT_InterruptHandler                    nvBANK2      0016B
_INT_SetInterruptHandler                 text35       0164A
_LATA                                    (abs)        0010C
_LATB                                    (abs)        0010D
_LATC                                    (abs)        0010E
_LATC3                                   (abs)        00873
_LATC4                                   (abs)        00874
_OPTION_REGbits                          (abs)        00095
_OSCCON                                  (abs)        00099
_OSCILLATOR_Initialize                   text33       01650
_OSCTUNE                                 (abs)        00098
_PIN_MANAGER_Initialize                  text32       016D4
_SYSTEM_Initialize                       text30       0168A
_TRISA                                   (abs)        0008C
_TRISB                                   (abs)        0008D
_TRISC                                   (abs)        0008E
_TempDIFF                                bssBANK2     0012C
_TemporC1                                bssBANK2     00132
_TemporC2                                bssBANK2     0012F
_WDTCON                                  (abs)        00097
_WDT_Initialize                          text31       01642
_WPUA                                    (abs)        0020C
_WPUB                                    (abs)        0020D
__CFG_BOREN$OFF                          (abs)        00000
__CFG_BORV$LO                            (abs)        00000
__CFG_CLKOUTEN$ON                        (abs)        00000
__CFG_CP$OFF                             (abs)        00000
__CFG_CPUDIV$NOCLKDIV                    (abs)        00000
__CFG_FCMEN$ON                           (abs)        00000
__CFG_FOSC$INTOSC                        (abs)        00000
__CFG_IESO$ON                            (abs)        00000
__CFG_LPBOR$OFF                          (abs)        00000
__CFG_LVP$ON                             (abs)        00000
__CFG_MCLRE$ON                           (abs)        00000
__CFG_PLLEN$DISABLED                     (abs)        00000
__CFG_PLLMULT$4x                         (abs)        00000
__CFG_PWRTE$OFF                          (abs)        00000
__CFG_STVREN$ON                          (abs)        00000
__CFG_USBLSCLK$24MHz                     (abs)        00000
__CFG_WDTE$OFF                           (abs)        00000
__CFG_WRT$OFF                            (abs)        00000
__Habs1                                  abs1         00000
__Hbank0                                 bank0        00000
__Hbank1                                 bank1        00000
__Hbank10                                bank10       00000
__Hbank11                                bank11       00000
__Hbank12                                bank12       00000
__Hbank13                                bank13       00000
__Hbank14                                bank14       00000
__Hbank15                                bank15       00000
__Hbank16                                bank16       00000
__Hbank17                                bank17       00000
__Hbank18                                bank18       00000
__Hbank19                                bank19       00000
__Hbank2                                 bank2        00000
__Hbank20                                bank20       00000
__Hbank21                                bank21       00000
__Hbank22                                bank22       00000
__Hbank23                                bank23       00000
__Hbank24                                bank24       00000
__Hbank25                                bank25       00000
__Hbank26                                bank26       00000
__Hbank27                                bank27       00000
__Hbank28                                bank28       00000
__Hbank29                                bank29       00000
__Hbank3                                 bank3        00000
__Hbank30                                bank30       00000
__Hbank31                                bank31       00000
__Hbank4                                 bank4        00000
__Hbank5                                 bank5        00000
__Hbank6                                 bank6        00000
__Hbank7                                 bank7        00000
__Hbank8                                 bank8        00000
__Hbank9                                 bank9        00000
__Hbigram                                bigram       00000
__HbssBANK1                              bssBANK1     00000
__HbssBANK2                              bssBANK2     00000
__HbssBANK3                              bssBANK3     00000
__Hcinit                                 cinit        00048
__Hclrtext                               clrtext      00000
__Hcode                                  code         00000
__Hcommon                                common       00000
__Hconfig                                config       08009
__HcstackBANK0                           cstackBANK0  00000
__HcstackBANK1                           cstackBANK1  00000
__HcstackCOMMON                          cstackCOMMON 00000
__HdataBANK1                             dataBANK1    00000
__HdataBANK2                             dataBANK2    00000
__Heeprom_data                           eeprom_data  00000
__Hend_init                              end_init     00015
__Hfunctab                               functab      00000
__HidataBANK1                            idataBANK1   00000
__HidataBANK2                            idataBANK2   00000
__Hidloc                                 idloc        00000
__Hinit                                  init         00013
__Hinittext                              inittext     00000
__Hintentry                              intentry     00013
__Hmaintext                              maintext     00000
__HnvBANK2                               nvBANK2      00000
__Hpowerup                               powerup      00000
__Hram                                   ram          00000
__Hreset_vec                             reset_vec    00002
__Hsfr0                                  sfr0         00000
__Hsfr1                                  sfr1         00000
__Hsfr10                                 sfr10        00000
__Hsfr11                                 sfr11        00000
__Hsfr12                                 sfr12        00000
__Hsfr13                                 sfr13        00000
__Hsfr14                                 sfr14        00000
__Hsfr15                                 sfr15        00000
__Hsfr16                                 sfr16        00000
__Hsfr17                                 sfr17        00000
__Hsfr18                                 sfr18        00000
__Hsfr19                                 sfr19        00000
__Hsfr2                                  sfr2         00000
__Hsfr20                                 sfr20        00000
__Hsfr21                                 sfr21        00000
__Hsfr22                                 sfr22        00000
__Hsfr23                                 sfr23        00000
__Hsfr24                                 sfr24        00000
__Hsfr25                                 sfr25        00000
__Hsfr26                                 sfr26        00000
__Hsfr27                                 sfr27        00000
__Hsfr28                                 sfr28        00000
__Hsfr29                                 sfr29        00000
__Hsfr3                                  sfr3         00000
__Hsfr30                                 sfr30        00000
__Hsfr31                                 sfr31        00000
__Hsfr4                                  sfr4         00000
__Hsfr5                                  sfr5         00000
__Hsfr6                                  sfr6         00000
__Hsfr7                                  sfr7         00000
__Hsfr8                                  sfr8         00000
__Hsfr9                                  sfr9         00000
__Hspace_0                               (abs)        08009
__Hspace_1                               (abs)        001E9
__Hspace_2                               (abs)        00000
__Hspace_3                               (abs)        00000
__Hstack                                 stack        00000
__Hstrings                               strings      00000
__Hstringtext1                           stringtext1  00000
__Hstringtext10                          stringtext10 00000
__Hstringtext11                          stringtext11 00000
__Hstringtext2                           stringtext2  00000
__Hstringtext3                           stringtext3  00000
__Hstringtext4                           stringtext4  00000
__Hstringtext5                           stringtext5  00000
__Hstringtext6                           stringtext6  00000
__Hstringtext7                           stringtext7  00000
__Hstringtext8                           stringtext8  00000
__Hstringtext9                           stringtext9  00000
__Htext                                  text         00000
__Labs1                                  abs1         00000
__Lbank0                                 bank0        00000
__Lbank1                                 bank1        00000
__Lbank10                                bank10       00000
__Lbank11                                bank11       00000
__Lbank12                                bank12       00000
__Lbank13                                bank13       00000
__Lbank14                                bank14       00000
__Lbank15                                bank15       00000
__Lbank16                                bank16       00000
__Lbank17                                bank17       00000
__Lbank18                                bank18       00000
__Lbank19                                bank19       00000
__Lbank2                                 bank2        00000
__Lbank20                                bank20       00000
__Lbank21                                bank21       00000
__Lbank22                                bank22       00000
__Lbank23                                bank23       00000
__Lbank24                                bank24       00000
__Lbank25                                bank25       00000
__Lbank26                                bank26       00000
__Lbank27                                bank27       00000
__Lbank28                                bank28       00000
__Lbank29                                bank29       00000
__Lbank3                                 bank3        00000
__Lbank30                                bank30       00000
__Lbank31                                bank31       00000
__Lbank4                                 bank4        00000
__Lbank5                                 bank5        00000
__Lbank6                                 bank6        00000
__Lbank7                                 bank7        00000
__Lbank8                                 bank8        00000
__Lbank9                                 bank9        00000
__Lbigram                                bigram       00000
__LbssBANK1                              bssBANK1     00000
__LbssBANK2                              bssBANK2     00000
__LbssBANK3                              bssBANK3     00000
__Lcinit                                 cinit        00015
__Lclrtext                               clrtext      00000
__Lcode                                  code         00000
__Lcommon                                common       00000
__Lconfig                                config       08007
__LcstackBANK0                           cstackBANK0  00000
__LcstackBANK1                           cstackBANK1  00000
__LcstackCOMMON                          cstackCOMMON 00000
__LdataBANK1                             dataBANK1    00000
__LdataBANK2                             dataBANK2    00000
__Leeprom_data                           eeprom_data  00000
__Lend_init                              end_init     00013
__Lfunctab                               functab      00000
__LidataBANK1                            idataBANK1   00000
__LidataBANK2                            idataBANK2   00000
__Lidloc                                 idloc        00000
__Linit                                  init         00013
__Linittext                              inittext     00000
__Lintentry                              intentry     00004
__Lmaintext                              maintext     00000
__LnvBANK2                               nvBANK2      00000
__Lpowerup                               powerup      00000
__Lram                                   ram          00000
__Lreset_vec                             reset_vec    00000
__Lsfr0                                  sfr0         00000
__Lsfr1                                  sfr1         00000
__Lsfr10                                 sfr10        00000
__Lsfr11                                 sfr11        00000
__Lsfr12                                 sfr12        00000
__Lsfr13                                 sfr13        00000
__Lsfr14                                 sfr14        00000
__Lsfr15                                 sfr15        00000
__Lsfr16                                 sfr16        00000
__Lsfr17                                 sfr17        00000
__Lsfr18                                 sfr18        00000
__Lsfr19                                 sfr19        00000
__Lsfr2                                  sfr2         00000
__Lsfr20                                 sfr20        00000
__Lsfr21                                 sfr21        00000
__Lsfr22                                 sfr22        00000
__Lsfr23                                 sfr23        00000
__Lsfr24                                 sfr24        00000
__Lsfr25                                 sfr25        00000
__Lsfr26                                 sfr26        00000
__Lsfr27                                 sfr27        00000
__Lsfr28                                 sfr28        00000
__Lsfr29                                 sfr29        00000
__Lsfr3                                  sfr3         00000
__Lsfr30                                 sfr30        00000
__Lsfr31                                 sfr31        00000
__Lsfr4                                  sfr4         00000
__Lsfr5                                  sfr5         00000
__Lsfr6                                  sfr6         00000
__Lsfr7                                  sfr7         00000
__Lsfr8                                  sfr8         00000
__Lsfr9                                  sfr9         00000
__Lspace_0                               (abs)        00000
__Lspace_1                               (abs)        00000
__Lspace_2                               (abs)        00000
__Lspace_3                               (abs)        00000
__Lstack                                 stack        00000
__Lstrings                               strings      00000
__Lstringtext1                           stringtext1  00000
__Lstringtext10                          stringtext10 00000
__Lstringtext11                          stringtext11 00000
__Lstringtext2                           stringtext2  00000
__Lstringtext3                           stringtext3  00000
__Lstringtext4                           stringtext4  00000
__Lstringtext5                           stringtext5  00000
__Lstringtext6                           stringtext6  00000
__Lstringtext7                           stringtext7  00000
__Lstringtext8                           stringtext8  00000
__Lstringtext9                           stringtext9  00000
__Ltext                                  text         00000
__S0                                     (abs)        08009
__S1                                     (abs)        001E9
__S2                                     (abs)        00000
___altoft                                text17       00898
___altoft@c                              cstackBANK0  00040
___altoft@exp                            cstackBANK0  00046
___altoft@sign                           cstackBANK0  00047
___awtoft                                text25       00801
___awtoft@c                              cstackCOMMON 00079
___awtoft@sign                           cstackCOMMON 0007C
___ftadd                                 text22       00E01
___ftadd@exp1                            cstackBANK0  00067
___ftadd@exp2                            cstackBANK0  00066
___ftadd@f1                              cstackBANK0  0005B
___ftadd@f2                              cstackBANK0  0005E
___ftadd@sign                            cstackBANK0  00065
___ftdiv                                 text24       00BD8
___ftdiv@cntr                            cstackBANK0  0002C
___ftdiv@exp                             cstackBANK0  00030
___ftdiv@f1                              cstackBANK0  00025
___ftdiv@f2                              cstackBANK0  00022
___ftdiv@f3                              cstackBANK0  0002D
___ftdiv@sign                            cstackBANK0  00031
___ftge                                  text16       00822
___ftge@ff1                              cstackCOMMON 00071
___ftge@ff2                              cstackCOMMON 00074
___ftmul                                 text20       00C81
___ftmul@cntr                            cstackBANK0  00059
___ftmul@exp                             cstackBANK0  00055
___ftmul@f1                              cstackBANK0  0004B
___ftmul@f2                              cstackBANK0  0004E
___ftmul@f3_as_product                   cstackBANK0  00056
___ftmul@sign                            cstackBANK0  0005A
___ftneg                                 text23       0166B
___ftneg@f1                              cstackBANK0  00048
___ftpack                                text28       008D5
___ftpack@arg                            cstackCOMMON 00071
___ftpack@exp                            cstackCOMMON 00074
___ftpack@sign                           cstackCOMMON 00075
___ftsub                                 text21       0170B
___ftsub@f1                              cstackBANK0  0006B
___ftsub@f2                              cstackBANK0  00068
___fttol                                 text15       00A26
___fttol@exp1                            cstackBANK0  0003F
___fttol@f1                              cstackBANK0  00032
___fttol@lval                            cstackBANK0  0003B
___fttol@sign1                           cstackBANK0  0003A
___int_sp                                stack        00000
___latbits                               (abs)        00002
___lltoft                                text26       01747
___lltoft@c                              cstackCOMMON 00079
___lltoft@exp                            cstackBANK0  00021
___lmul                                  text29       0179D
___lmul@multiplicand                     cstackCOMMON 00075
___lmul@multiplier                       cstackCOMMON 00071
___lmul@product                          cstackCOMMON 00079
___lwdiv                                 text8        017CC
___lwdiv@counter                         cstackCOMMON 00078
___lwdiv@dividend                        cstackCOMMON 00073
___lwdiv@divisor                         cstackCOMMON 00071
___lwdiv@quotient                        cstackCOMMON 00076
___lwmod                                 text7        01770
___lwmod@counter                         cstackBANK0  00021
___lwmod@dividend                        cstackCOMMON 0007B
___lwmod@divisor                         cstackCOMMON 00079
___lwtoft                                text27       01696
___lwtoft@c                              cstackCOMMON 00079
___sp                                    stack        00000
___wmul                                  text19       007E5
___wmul@multiplicand                     cstackCOMMON 00073
___wmul@multiplier                       cstackCOMMON 00071
___wmul@product                          cstackCOMMON 00075
__doprnt                                 text5        005A8
__doprnt@ap                              cstackBANK0  00024
__doprnt@c                               cstackBANK0  0002D
__doprnt@f                               cstackBANK0  00022
__doprnt@flag                            cstackBANK0  00029
__doprnt@pb                              cstackBANK0  0002E
__doprnt@prec                            cstackBANK0  0002A
__doprnt@val                             cstackBANK0  0002B
__end_of_ADC_GetConversion               text37       016BE
__end_of_ADC_Initialize                  text36       0166B
__end_of_EXT_INT_Initialize              text34       0168A
__end_of_INTERRUPT_InterruptManager      intentry     00013
__end_of_INT_CallBack                    text40       0167F
__end_of_INT_DefaultInterruptHandler     text41       00003
__end_of_INT_ISR                         text39       01642
__end_of_INT_SetInterruptHandler         text35       01650
__end_of_OSCILLATOR_Initialize           text33       01656
__end_of_PIN_MANAGER_Initialize          text32       016EF
__end_of_SYSTEM_Initialize               text30       01696
__end_of_WDT_Initialize                  text31       01646
__end_of___altoft                        text17       008D5
__end_of___awtoft                        text25       00822
__end_of___ftadd                         text22       00EF7
__end_of___ftdiv                         text24       00C81
__end_of___ftge                          text16       0085D
__end_of___ftmul                         text20       00D35
__end_of___ftneg                         text23       01674
__end_of___ftpack                        text28       00939
__end_of___ftsub                         text21       01729
__end_of___fttol                         text15       00AAD
__end_of___lltoft                        text26       01770
__end_of___lmul                          text29       017CC
__end_of___lwdiv                         text8        01800
__end_of___lwmod                         text7        0179D
__end_of___lwtoft                        text27       016A9
__end_of___wmul                          text19       00800
__end_of__doprnt                         text5        006C7
__end_of__initialization                 cinit        00044
__end_of_dit_dah                         text3        00B3E
__end_of_dpowers                         stringtext2  01893
__end_of_eval_poly                       text18       009AD
__end_of_exp                             text11       005A8
__end_of_floor                           text13       00BD8
__end_of_frexp                           text14       00898
__end_of_ldexp                           text12       00A26
__end_of_log                             text10       00E01
__end_of_m                               stringtext1  0182B
__end_of_m2                              stringtext3  0189D
__end_of_main                            maintext     0044A
__end_of_pow                             text9        01000
__end_of_printf                          text4        016D4
__end_of_putch                           text6        00004
__end_of_sendChar                        text2        007E5
__end_of_sprintf                         text1        01747
__end_ofexp@coeff                        stringtext4  01849
__end_oflog@coeff                        stringtext5  01864
__initialization                         cinit        00015
__pbssBANK1                              bssBANK1     000DC
__pbssBANK2                              bssBANK2     00120
__pbssBANK3                              bssBANK3     001A0
__pcstackBANK0                           cstackBANK0  00020
__pcstackBANK1                           cstackBANK1  000A0
__pcstackCOMMON                          cstackCOMMON 00070
__pdataBANK1                             dataBANK1    000EB
__pdataBANK2                             dataBANK2    0014F
__pidataBANK1                            idataBANK1   01646
__pidataBANK2                            idataBANK2   016EF
__pintentry                              intentry     00004
__pmaintext                              maintext     00048
__pnvBANK2                               nvBANK2      0016B
__pstringtext1                           stringtext1  01800
__pstringtext10                          stringtext10 018A9
__pstringtext11                          stringtext11 00000
__pstringtext2                           stringtext2  01889
__pstringtext3                           stringtext3  01893
__pstringtext4                           stringtext4  0182B
__pstringtext5                           stringtext5  01849
__pstringtext6                           stringtext6  01864
__pstringtext7                           stringtext7  0187E
__pstringtext8                           stringtext8  0189D
__pstringtext9                           stringtext9  018A4
__ptext1                                 text1        01729
__ptext10                                text10       00D35
__ptext11                                text11       0044A
__ptext12                                text12       009AD
__ptext13                                text13       00B3E
__ptext14                                text14       0085D
__ptext15                                text15       00A26
__ptext16                                text16       00822
__ptext17                                text17       00898
__ptext18                                text18       00939
__ptext19                                text19       007E5
__ptext2                                 text2        006C7
__ptext20                                text20       00C81
__ptext21                                text21       0170B
__ptext22                                text22       00E01
__ptext23                                text23       0166B
__ptext24                                text24       00BD8
__ptext25                                text25       00801
__ptext26                                text26       01747
__ptext27                                text27       01696
__ptext28                                text28       008D5
__ptext29                                text29       0179D
__ptext3                                 text3        00AAD
__ptext30                                text30       0168A
__ptext31                                text31       01642
__ptext32                                text32       016D4
__ptext33                                text33       01650
__ptext34                                text34       0167F
__ptext35                                text35       0164A
__ptext36                                text36       01662
__ptext37                                text37       016A9
__ptext39                                text39       0163E
__ptext4                                 text4        016BE
__ptext40                                text40       01674
__ptext41                                text41       00002
__ptext5                                 text5        005A8
__ptext6                                 text6        00003
__ptext7                                 text7        01770
__ptext8                                 text8        017CC
__ptext9                                 text9        00EF7
__size_of_ADC_GetConversion              (abs)        00000
__size_of_ADC_Initialize                 (abs)        00000
__size_of_EXT_INT_Initialize             (abs)        00000
__size_of_INTERRUPT_InterruptManager     (abs)        00000
__size_of_INT_CallBack                   (abs)        00000
__size_of_INT_DefaultInterruptHandler    (abs)        00000
__size_of_INT_ISR                        (abs)        00000
__size_of_INT_SetInterruptHandler        (abs)        00000
__size_of_OSCILLATOR_Initialize          (abs)        00000
__size_of_PIN_MANAGER_Initialize         (abs)        00000
__size_of_SYSTEM_Initialize              (abs)        00000
__size_of_WDT_Initialize                 (abs)        00000
__size_of___altoft                       (abs)        00000
__size_of___awtoft                       (abs)        00000
__size_of___ftadd                        (abs)        00000
__size_of___ftdiv                        (abs)        00000
__size_of___ftge                         (abs)        00000
__size_of___ftmul                        (abs)        00000
__size_of___ftneg                        (abs)        00000
__size_of___ftpack                       (abs)        00000
__size_of___ftsub                        (abs)        00000
__size_of___fttol                        (abs)        00000
__size_of___lltoft                       (abs)        00000
__size_of___lmul                         (abs)        00000
__size_of___lwdiv                        (abs)        00000
__size_of___lwmod                        (abs)        00000
__size_of___lwtoft                       (abs)        00000
__size_of___wmul                         (abs)        00000
__size_of__doprnt                        (abs)        00000
__size_of_dit_dah                        (abs)        00000
__size_of_eval_poly                      (abs)        00000
__size_of_exp                            (abs)        00000
__size_of_floor                          (abs)        00000
__size_of_frexp                          (abs)        00000
__size_of_ldexp                          (abs)        00000
__size_of_log                            (abs)        00000
__size_of_main                           (abs)        00000
__size_of_pow                            (abs)        00000
__size_of_printf                         (abs)        00000
__size_of_putch                          (abs)        00000
__size_of_sendChar                       (abs)        00000
__size_of_sprintf                        (abs)        00000
_delay                                   dataBANK1    000EB
_dit_dah                                 text3        00AAD
_dpowers                                 stringtext2  01889
_errno                                   bssBANK2     00141
_eval_poly                               text18       00939
_exp                                     text11       0044A
_exp$891                                 cstackBANK1  000AE
_floor                                   text13       00B3E
_frexp                                   text14       0085D
_ldexp                                   text12       009AD
_log                                     text10       00D35
_main                                    maintext     00048
_main$884                                cstackBANK1  000CD
_main$885                                cstackBANK1  000D0
_main$886                                cstackBANK1  000D3
_main$887                                cstackBANK1  000D6
_main$888                                cstackBANK1  000CA
_packet1                                 bssBANK3     001BE
_pow                                     text9        00EF7
_pow$889                                 cstackBANK1  000BB
_pow$890                                 cstackBANK1  000BE
_printf                                  text4        016BE
_putch                                   text6        00003
_remainder                               bssBANK2     0013E
_sendChar                                text2        006C7
_sensor0                                 bssBANK2     00123
_sensor1                                 bssBANK2     00120
_sleep                                   bssBANK1     000E5
_sprintf                                 text1        01729
_str8                                    bssBANK3     001E3
_temp                                    bssBANK1     000E2
_tens                                    bssBANK1     000E9
_units                                   bssBANK1     000E7
_voltref                                 dataBANK2    0014F
btemp                                    (abs)        0007E
clear_ram0                               clrtext      01656
dit_dah@i                                cstackCOMMON 00074
dit_dah@index                            cstackCOMMON 00071
end_of_initialization                    cinit        00044
eval_poly@d                              cstackBANK0  0006B
eval_poly@n                              cstackBANK0  0006D
eval_poly@res                            cstackBANK1  000A0
eval_poly@x                              cstackBANK0  00068
exp@coeff                                stringtext4  0182B
exp@exponent                             cstackBANK1  000B1
exp@sign                                 cstackBANK1  000B3
exp@x                                    cstackBANK1  000AA
floor@expon                              cstackBANK1  000A3
floor@i                                  cstackBANK1  000A0
floor@x                                  cstackBANK0  00068
frexp@eptr                               cstackCOMMON 00074
frexp@value                              cstackCOMMON 00071
init_ram                                 inittext     0165C
int$flags                                (abs)        0007E
intlevel0                                functab      00000
intlevel1                                functab      00000
intlevel2                                functab      00000
intlevel3                                functab      00000
intlevel4                                functab      00000
intlevel5                                functab      00000
ldexp@newexp                             cstackBANK1  000A6
ldexp@value                              cstackBANK1  000A3
log@coeff                                stringtext5  01849
log@exponent                             cstackBANK1  000A6
log@x                                    cstackBANK1  000A3
main@c                                   cstackBANK1  000DB
main@count                               cstackBANK1  000C9
main@i                                   cstackBANK1  000C7
main@waitind                             cstackBANK1  000D9
pow@sign                                 cstackBANK1  000C1
pow@x                                    cstackBANK1  000B4
pow@y                                    cstackBANK1  000B7
pow@yi                                   cstackBANK1  000C2
printf@ap                                cstackBANK0  00032
printf@f                                 cstackBANK0  0002F
printf@pb                                cstackBANK0  00033
putch@c                                  cstackCOMMON 00071
reset_vec                                reset_vec    00000
sendChar@a                               cstackCOMMON 00079
sendChar@i                               cstackCOMMON 00077
sprintf@ap                               cstackBANK0  00037
sprintf@f                                cstackBANK0  0002F
sprintf@pb                               cstackBANK0  00038
sprintf@wh                               cstackBANK0  00036
stackhi                                  (abs)        023EF
stacklo                                  (abs)        02139
start                                    init         00013
start_initialization                     cinit        00015
wtemp0                                   (abs)        0007E


FUNCTION INFORMATION:

 *************** function _main *****************
 Defined at:
		line 128 in file "main.c"
 Parameters:    Size  Location     Type
		None
 Auto vars:     Size  Location     Type
  waitind         2   57[BANK1 ] int 
  c               1   59[BANK1 ] PTR unsigned char 
		 -> str8(6), 
  i               2   39[BANK1 ] int 
  count           1   41[BANK1 ] unsigned char 
 Return value:  Size  Location     Type
                  1    wreg      void 
 Registers used:
		wreg, fsr0l, fsr0h, fsr1l, fsr1h, status,2, status,0, pclath, cstack
 Tracked objects:
		On entry : 
		On exit  : 
		Unchanged: 
 Data sizes:     COMMON   BANK0   BANK1   BANK2   BANK3   BANK4   BANK5   BANK6   BANK7   BANK8   BANK9  BANK10  BANK11  BANK12
      Params:         0       0       0       0       0       0       0       0       0       0       0       0       0       0
      Locals:         0       0      21       0       0       0       0       0       0       0       0       0       0       0
      Temps:          0       0       1       0       0       0       0       0       0       0       0       0       0       0
      Totals:         0       0      22       0       0       0       0       0       0       0       0       0       0       0
Total ram usage:       22 bytes
 Hardware stack levels required when called:    9
 This function calls:
		_ADC_GetConversion
		_ADC_Initialize
		_SYSTEM_Initialize
		___altoft
		___awtoft
		___ftadd
		___ftdiv
		___ftmul
		___ftneg
		___fttol
		___lmul
		___lwtoft
		_pow
		_printf
		_sendChar
		_sprintf
 This function is called by:
		Startup code after reset
 This function uses a non-reentrant model


 *************** function _sprintf *****************
 Defined at:
		line 13 in file "C:\Program Files (x86)\Microchip\xc8\v1.44\sources\common\sprintf.c"
 Parameters:    Size  Location     Type
  wh              1    wreg     PTR unsigned char 
		 -> str8(6), 
  f               2   15[BANK0 ] PTR const unsigned char 
		 -> STR_6(5), 
 Auto vars:     Size  Location     Type
  wh              1   22[BANK0 ] PTR unsigned char 
		 -> str8(6), 
  pb              3   24[BANK0 ] struct __prbuf
  ap              1   23[BANK0 ] PTR void [1]
		 -> ?_sprintf(2), ?_printf(2), 
 Return value:  Size  Location     Type
                  2   15[BANK0 ] int 
 Registers used:
		wreg, fsr0l, fsr0h, fsr1l, fsr1h, status,2, status,0, pclath, cstack
 Tracked objects:
		On entry : 
		On exit  : 
		Unchanged: 
 Data sizes:     COMMON   BANK0   BANK1   BANK2   BANK3   BANK4   BANK5   BANK6   BANK7   BANK8   BANK9  BANK10  BANK11  BANK12
      Params:         0       6       0       0       0       0       0       0       0       0       0       0       0       0
      Locals:         0       5       0       0       0       0       0       0       0       0       0       0       0       0
      Temps:          0       1       0       0       0       0       0       0       0       0       0       0       0       0
      Totals:         0      12       0       0       0       0       0       0       0       0       0       0       0       0
Total ram usage:       12 bytes
 Hardware stack levels used:    1
 Hardware stack levels required when called:    6
 This function calls:
		__doprnt
 This function is called by:
		_main
 This function uses a non-reentrant model


 *************** function _sendChar *****************
 Defined at:
		line 338 in file "main.c"
 Parameters:    Size  Location     Type
  a               1    wreg     unsigned char 
 Auto vars:     Size  Location     Type
  a               1    9[COMMON] unsigned char 
  i               2    7[COMMON] int 
 Return value:  Size  Location     Type
                  1    wreg      void 
 Registers used:
		wreg, status,2, status,0, pclath, cstack
 Tracked objects:
		On entry : 
		On exit  : 
		Unchanged: 
 Data sizes:     COMMON   BANK0   BANK1   BANK2   BANK3   BANK4   BANK5   BANK6   BANK7   BANK8   BANK9  BANK10  BANK11  BANK12
      Params:         0       0       0       0       0       0       0       0       0       0       0       0       0       0
      Locals:         3       0       0       0       0       0       0       0       0       0       0       0       0       0
      Temps:          1       0       0       0       0       0       0       0       0       0       0       0       0       0
      Totals:         4       0       0       0       0       0       0       0       0       0       0       0       0       0
Total ram usage:        4 bytes
 Hardware stack levels used:    1
 Hardware stack levels required when called:    5
 This function calls:
		_dit_dah
 This function is called by:
		_main
 This function uses a non-reentrant model


 *************** function _dit_dah *****************
 Defined at:
		line 280 in file "main.c"
 Parameters:    Size  Location     Type
  index           2    1[COMMON] int 
 Auto vars:     Size  Location     Type
  i               2    4[COMMON] int 
 Return value:  Size  Location     Type
                  1    wreg      void 
 Registers used:
		wreg, status,2, status,0
 Tracked objects:
		On entry : 
		On exit  : 
		Unchanged: 
 Data sizes:     COMMON   BANK0   BANK1   BANK2   BANK3   BANK4   BANK5   BANK6   BANK7   BANK8   BANK9  BANK10  BANK11  BANK12
      Params:         2       0       0       0       0       0       0       0       0       0       0       0       0       0
      Locals:         2       0       0       0       0       0       0       0       0       0       0       0       0       0
      Temps:          1       0       0       0       0       0       0       0       0       0       0       0       0       0
      Totals:         5       0       0       0       0       0       0       0       0       0       0       0       0       0
Total ram usage:        5 bytes
 Hardware stack levels used:    1
 Hardware stack levels required when called:    4
 This function calls:
		Nothing
 This function is called by:
		_sendChar
		_key
 This function uses a non-reentrant model


 *************** function _printf *****************
 Defined at:
		line 13 in file "C:\Program Files (x86)\Microchip\xc8\v1.44\sources\common\printf.c"
 Parameters:    Size  Location     Type
  f               2   15[BANK0 ] PTR const unsigned char 
		 -> STR_5(7), 
 Auto vars:     Size  Location     Type
  pb              3   19[BANK0 ] struct __prbuf
  ap              1   18[BANK0 ] PTR void [1]
		 -> ?_sprintf(2), ?_printf(2), 
 Return value:  Size  Location     Type
                  2   15[BANK0 ] int 
 Registers used:
		wreg, fsr0l, fsr0h, fsr1l, fsr1h, status,2, status,0, pclath, cstack
 Tracked objects:
		On entry : 
		On exit  : 
		Unchanged: 
 Data sizes:     COMMON   BANK0   BANK1   BANK2   BANK3   BANK4   BANK5   BANK6   BANK7   BANK8   BANK9  BANK10  BANK11  BANK12
      Params:         0       2       0       0       0       0       0       0       0       0       0       0       0       0
      Locals:         0       4       0       0       0       0       0       0       0       0       0       0       0       0
      Temps:          0       1       0       0       0       0       0       0       0       0       0       0       0       0
      Totals:         0       7       0       0       0       0       0       0       0       0       0       0       0       0
Total ram usage:        7 bytes
 Hardware stack levels used:    1
 Hardware stack levels required when called:    6
 This function calls:
		__doprnt
 This function is called by:
		_main
 This function uses a non-reentrant model


 *************** function __doprnt *****************
 Defined at:
		line 458 in file "C:\Program Files (x86)\Microchip\xc8\v1.44\sources\common\doprnt.c"
 Parameters:    Size  Location     Type
  pb              1    wreg     PTR struct __prbuf
		 -> sprintf@pb(3), printf@pb(3), 
  f               2    2[BANK0 ] PTR const unsigned char 
		 -> STR_6(5), STR_5(7), 
  ap              1    4[BANK0 ] PTR PTR void 
		 -> sprintf@ap(1), printf@ap(1), 
 Auto vars:     Size  Location     Type
  pb              1   14[BANK0 ] PTR struct __prbuf
		 -> sprintf@pb(3), printf@pb(3), 
  tmpval          4    0        struct .
  val             2   11[BANK0 ] unsigned int 
  cp              2    0        PTR const unsigned char 
  len             2    0        unsigned int 
  c               1   13[BANK0 ] char 
  prec            1   10[BANK0 ] char 
  flag            1    9[BANK0 ] unsigned char 
 Return value:  Size  Location     Type
                  2    2[BANK0 ] int 
 Registers used:
		wreg, fsr0l, fsr0h, fsr1l, fsr1h, status,2, status,0, pclath, cstack
 Tracked objects:
		On entry : 
		On exit  : 
		Unchanged: 
 Data sizes:     COMMON   BANK0   BANK1   BANK2   BANK3   BANK4   BANK5   BANK6   BANK7   BANK8   BANK9  BANK10  BANK11  BANK12
      Params:         0       3       0       0       0       0       0       0       0       0       0       0       0       0
      Locals:         0       6       0       0       0       0       0       0       0       0       0       0       0       0
      Temps:          0       4       0       0       0       0       0       0       0       0       0       0       0       0
      Totals:         0      13       0       0       0       0       0       0       0       0       0       0       0       0
Total ram usage:       13 bytes
 Hardware stack levels used:    1
 Hardware stack levels required when called:    5
 This function calls:
		Absolute function
		___lwdiv
		___lwmod
		_putch
 This function is called by:
		_printf
		_sprintf
 This function uses a non-reentrant model


 *************** function _putch *****************
 Defined at:
		line 7 in file "C:\Program Files (x86)\Microchip\xc8\v1.44\sources\common\putch.c"
 Parameters:    Size  Location     Type
  c               1    1[COMMON] unsigned char 
 Auto vars:     Size  Location     Type
		None
 Return value:  Size  Location     Type
                  1    wreg      void 
 Registers used:
		None
 Tracked objects:
		On entry : 
		On exit  : 
		Unchanged: 
 Data sizes:     COMMON   BANK0   BANK1   BANK2   BANK3   BANK4   BANK5   BANK6   BANK7   BANK8   BANK9  BANK10  BANK11  BANK12
      Params:         1       0       0       0       0       0       0       0       0       0       0       0       0       0
      Locals:         0       0       0       0       0       0       0       0       0       0       0       0       0       0
      Temps:          0       0       0       0       0       0       0       0       0       0       0       0       0       0
      Totals:         1       0       0       0       0       0       0       0       0       0       0       0       0       0
Total ram usage:        1 bytes
 Hardware stack levels used:    1
 Hardware stack levels required when called:    4
 This function calls:
		Nothing
 This function is called by:
		_printf
		__doprnt
 This function uses a non-reentrant model


 *************** function ___lwmod *****************
 Defined at:
		line 6 in file "C:\Program Files (x86)\Microchip\xc8\v1.44\sources\common\lwmod.c"
 Parameters:    Size  Location     Type
  divisor         2    9[COMMON] unsigned int 
  dividend        2   11[COMMON] unsigned int 
 Auto vars:     Size  Location     Type
  counter         1    1[BANK0 ] unsigned char 
 Return value:  Size  Location     Type
                  2    9[COMMON] unsigned int 
 Registers used:
		wreg, status,2, status,0
 Tracked objects:
		On entry : 
		On exit  : 
		Unchanged: 
 Data sizes:     COMMON   BANK0   BANK1   BANK2   BANK3   BANK4   BANK5   BANK6   BANK7   BANK8   BANK9  BANK10  BANK11  BANK12
      Params:         4       0       0       0       0       0       0       0       0       0       0       0       0       0
      Locals:         0       1       0       0       0       0       0       0       0       0       0       0       0       0
      Temps:          0       1       0       0       0       0       0       0       0       0       0       0       0       0
      Totals:         4       2       0       0       0       0       0       0       0       0       0       0       0       0
Total ram usage:        6 bytes
 Hardware stack levels used:    1
 Hardware stack levels required when called:    4
 This function calls:
		Nothing
 This function is called by:
		__doprnt
 This function uses a non-reentrant model


 *************** function ___lwdiv *****************
 Defined at:
		line 6 in file "C:\Program Files (x86)\Microchip\xc8\v1.44\sources\common\lwdiv.c"
 Parameters:    Size  Location     Type
  divisor         2    1[COMMON] unsigned int 
  dividend        2    3[COMMON] unsigned int 
 Auto vars:     Size  Location     Type
  quotient        2    6[COMMON] unsigned int 
  counter         1    8[COMMON] unsigned char 
 Return value:  Size  Location     Type
                  2    1[COMMON] unsigned int 
 Registers used:
		wreg, status,2, status,0
 Tracked objects:
		On entry : 
		On exit  : 
		Unchanged: 
 Data sizes:     COMMON   BANK0   BANK1   BANK2   BANK3   BANK4   BANK5   BANK6   BANK7   BANK8   BANK9  BANK10  BANK11  BANK12
      Params:         4       0       0       0       0       0       0       0       0       0       0       0       0       0
      Locals:         3       0       0       0       0       0       0       0       0       0       0       0       0       0
      Temps:          1       0       0       0       0       0       0       0       0       0       0       0       0       0
      Totals:         8       0       0       0       0       0       0       0       0       0       0       0       0       0
Total ram usage:        8 bytes
 Hardware stack levels used:    1
 Hardware stack levels required when called:    4
 This function calls:
		Nothing
 This function is called by:
		__doprnt
 This function uses a non-reentrant model


 *************** function _pow *****************
 Defined at:
		line 5 in file "C:\Program Files (x86)\Microchip\xc8\v1.44\sources\common\pow.c"
 Parameters:    Size  Location     Type
  x               3   20[BANK1 ] unsigned int 
  y               3   23[BANK1 ] unsigned int 
 Auto vars:     Size  Location     Type
  yi              4   34[BANK1 ] unsigned long 
  sign            1   33[BANK1 ] unsigned char 
 Return value:  Size  Location     Type
                  3   20[BANK1 ] unsigned char 
 Registers used:
		wreg, fsr0l, fsr0h, fsr1l, fsr1h, status,2, status,0, pclath, cstack
[...]
 This function uses a non-reentrant model


 *************** function _PIN_MANAGER_Initialize *****************
 Defined at:
		line 52 in file "mcc_generated_files/pin_manager.c"
 Parameters:    Size  Location     Type
		None
 Auto vars:     Size  Location     Type
		None
 Return value:  Size  Location     Type
                  1    wreg      void 
 Registers used:
		wreg, status,2
 Tracked objects:
		On entry : 
		On exit  : 
		Unchanged: 
 Data sizes:     COMMON   BANK0   BANK1   BANK2   BANK3   BANK4   BANK5   BANK6   BANK7   BANK8   BANK9  BANK10  BANK11  BANK12
      Params:         0       0       0       0       0       0       0       0       0       0       0       0       0       0
      Locals:         0       0       0       0       0       0       0       0       0       0       0       0       0       0
      Temps:          0       0       0       0       0       0       0       0       0       0       0       0       0       0
      Totals:         0       0       0       0       0       0       0       0       0       0       0       0       0       0
Total ram usage:        0 bytes
 Hardware stack levels used:    1
 Hardware stack levels required when called:    4
 This function calls:
		Nothing
 This function is called by:
		_SYSTEM_Initialize
 This function uses a non-reentrant model


 *************** function _OSCILLATOR_Initialize *****************
 Defined at:
		line 82 in file "mcc_generated_files/mcc.c"
 Parameters:    Size  Location     Type
		None
 Auto vars:     Size  Location     Type
		None
 Return value:  Size  Location     Type
                  1    wreg      void 
 Registers used:
		status,2
 Tracked objects:
		On entry : 
		On exit  : 
		Unchanged: 
 Data sizes:     COMMON   BANK0   BANK1   BANK2   BANK3   BANK4   BANK5   BANK6   BANK7   BANK8   BANK9  BANK10  BANK11  BANK12
      Params:         0       0       0       0       0       0       0       0       0       0       0       0       0       0
      Locals:         0       0       0       0       0       0       0       0       0       0       0       0       0       0
      Temps:          0       0       0       0       0       0       0       0       0       0       0       0       0       0
      Totals:         0       0       0       0       0       0       0       0       0       0       0       0       0       0
Total ram usage:        0 bytes
 Hardware stack levels used:    1
 Hardware stack levels required when called:    4
 This function calls:
		Nothing
 This function is called by:
		_SYSTEM_Initialize
 This function uses a non-reentrant model


 *************** function _EXT_INT_Initialize *****************
 Defined at:
		line 90 in file "mcc_generated_files/ext_int.c"
 Parameters:    Size  Location     Type
		None
 Auto vars:     Size  Location     Type
		None
 Return value:  Size  Location     Type
                  1    wreg      void 
 Registers used:
		wreg, status,2, status,0, pclath, cstack
 Tracked objects:
		On entry : 
		On exit  : 
		Unchanged: 
 Data sizes:     COMMON   BANK0   BANK1   BANK2   BANK3   BANK4   BANK5   BANK6   BANK7   BANK8   BANK9  BANK10  BANK11  BANK12
      Params:         0       0       0       0       0       0       0       0       0       0       0       0       0       0
      Locals:         0       0       0       0       0       0       0       0       0       0       0       0       0       0
      Temps:          0       0       0       0       0       0       0       0       0       0       0       0       0       0
      Totals:         0       0       0       0       0       0       0       0       0       0       0       0       0       0
Total ram usage:        0 bytes
 Hardware stack levels used:    1
 Hardware stack levels required when called:    5
 This function calls:
		_INT_SetInterruptHandler
 This function is called by:
		_SYSTEM_Initialize
 This function uses a non-reentrant model


 *************** function _INT_SetInterruptHandler *****************
 Defined at:
		line 70 in file "mcc_generated_files/ext_int.c"
 Parameters:    Size  Location     Type
  InterruptHan    2    1[COMMON] PTR FTN()void 
		 -> INT_DefaultInterruptHandler(1), 
 Auto vars:     Size  Location     Type
		None
 Return value:  Size  Location     Type
                  1    wreg      void 
 Registers used:
		wreg
 Tracked objects:
		On entry : 
		On exit  : 
		Unchanged: 
 Data sizes:     COMMON   BANK0   BANK1   BANK2   BANK3   BANK4   BANK5   BANK6   BANK7   BANK8   BANK9  BANK10  BANK11  BANK12
      Params:         2       0       0       0       0       0       0       0       0       0       0       0       0       0
      Locals:         0       0       0       0       0       0       0       0       0       0       0       0       0       0
      Temps:          0       0       0       0       0       0       0       0       0       0       0       0       0       0
      Totals:         2       0       0       0       0       0       0       0       0       0       0       0       0       0
Total ram usage:        2 bytes
 Hardware stack levels used:    1
 Hardware stack levels required when called:    4
 This function calls:
		Nothing
 This function is called by:
		_EXT_INT_Initialize
 This function uses a non-reentrant model


 *************** function _ADC_Initialize *****************
 Defined at:
		line 64 in file "mcc_generated_files/adc.c"
 Parameters:    Size  Location     Type
		None
 Auto vars:     Size  Location     Type
		None
 Return value:  Size  Location     Type
                  1    wreg      void 
 Registers used:
		wreg, status,2
 Tracked objects:
		On entry : 
		On exit  : 
		Unchanged: 
 Data sizes:     COMMON   BANK0   BANK1   BANK2   BANK3   BANK4   BANK5   BANK6   BANK7   BANK8   BANK9  BANK10  BANK11  BANK12
      Params:         0       0       0       0       0       0       0       0       0       0       0       0       0       0
      Locals:         0       0       0       0       0       0       0       0       0       0       0       0       0       0
      Temps:          0       0       0       0       0       0       0       0       0       0       0       0       0       0
      Totals:         0       0       0       0       0       0       0       0       0       0       0       0       0       0
Total ram usage:        0 bytes
 Hardware stack levels used:    1
 Hardware stack levels required when called:    4
 This function calls:
		Nothing
 This function is called by:
		_main
 This function uses a non-reentrant model


 *************** function _ADC_GetConversion *****************
 Defined at:
		line 112 in file "mcc_generated_files/adc.c"
 Parameters:    Size  Location     Type
  channel         1    wreg     enum E2635
 Auto vars:     Size  Location     Type
  channel         1    4[COMMON] enum E2635
 Return value:  Size  Location     Type
                  2    1[COMMON] unsigned int 
 Registers used:
		wreg, status,2, status,0
 Tracked objects:
		On entry : 
		On exit  : 
		Unchanged: 
 Data sizes:     COMMON   BANK0   BANK1   BANK2   BANK3   BANK4   BANK5   BANK6   BANK7   BANK8   BANK9  BANK10  BANK11  BANK12
      Params:         2       0       0       0       0       0       0       0       0       0       0       0       0       0
      Locals:         1       0       0       0       0       0       0       0       0       0       0       0       0       0
      Temps:          1       0       0       0       0       0       0       0       0       0       0       0       0       0
      Totals:         4       0       0       0       0       0       0       0       0       0       0       0       0       0
Total ram usage:        4 bytes
 Hardware stack levels used:    1
 Hardware stack levels required when called:    4
 This function calls:
		Nothing
 This function is called by:
		_main
 This function uses a non-reentrant model


 *************** function _INTERRUPT_InterruptManager *****************
 Defined at:
		line 51 in file "mcc_generated_files/interrupt_manager.c"
 Parameters:    Size  Location     Type
		None
 Auto vars:     Size  Location     Type
		None
 Return value:  Size  Location     Type
                  1    wreg      void 
 Registers used:
		wreg, status,2, status,0, pclath, cstack
 Tracked objects:
		On entry : 
		On exit  : 
		Unchanged: 
 Data sizes:     COMMON   BANK0   BANK1   BANK2   BANK3   BANK4   BANK5   BANK6   BANK7   BANK8   BANK9  BANK10  BANK11  BANK12
      Params:         0       0       0       0       0       0       0       0       0       0       0       0       0       0
      Locals:         0       0       0       0       0       0       0       0       0       0       0       0       0       0
      Temps:          1       0       0       0       0       0       0       0       0       0       0       0       0       0
      Totals:         1       0       0       0       0       0       0       0       0       0       0       0       0       0
Total ram usage:        1 bytes
 Hardware stack levels used:    1
 Hardware stack levels required when called:    3
 This function calls:
		_INT_ISR
 This function is called by:
		Interrupt level 1
 This function uses a non-reentrant model


 *************** function _INT_ISR *****************
 Defined at:
		line 43 in file "mcc_generated_files/ext_int.c"
 Parameters:    Size  Location     Type
		None
 Auto vars:     Size  Location     Type
		None
 Return value:  Size  Location     Type
                  1    wreg      void 
 Registers used:
		wreg, status,2, status,0, pclath, cstack
 Tracked objects:
		On entry : 
		On exit  : 
		Unchanged: 
 Data sizes:     COMMON   BANK0   BANK1   BANK2   BANK3   BANK4   BANK5   BANK6   BANK7   BANK8   BANK9  BANK10  BANK11  BANK12
      Params:         0       0       0       0       0       0       0       0       0       0       0       0       0       0
      Locals:         0       0       0       0       0       0       0       0       0       0       0       0       0       0
      Temps:          0       0       0       0       0       0       0       0       0       0       0       0       0       0
      Totals:         0       0       0       0       0       0       0       0       0       0       0       0       0       0
Total ram usage:        0 bytes
 Hardware stack levels used:    1
 Hardware stack levels required when called:    2
 This function calls:
		_INT_CallBack
 This function is called by:
		_INTERRUPT_InterruptManager
 This function uses a non-reentrant model


 *************** function _INT_CallBack *****************
 Defined at:
		line 58 in file "mcc_generated_files/ext_int.c"
 Parameters:    Size  Location     Type
		None
 Auto vars:     Size  Location     Type
		None
 Return value:  Size  Location     Type
                  1    wreg      void 
 Registers used:
		wreg, status,2, status,0, pclath, cstack
 Tracked objects:
		On entry : 
		On exit  : 
		Unchanged: 
 Data sizes:     COMMON   BANK0   BANK1   BANK2   BANK3   BANK4   BANK5   BANK6   BANK7   BANK8   BANK9  BANK10  BANK11  BANK12
      Params:         0       0       0       0       0       0       0       0       0       0       0       0       0       0
      Locals:         0       0       0       0       0       0       0       0       0       0       0       0       0       0
      Temps:          0       0       0       0       0       0       0       0       0       0       0       0       0       0
      Totals:         0       0       0       0       0       0       0       0       0       0       0       0       0       0
Total ram usage:        0 bytes
 Hardware stack levels used:    1
 Hardware stack levels required when called:    1
 This function calls:
		Absolute function
		_INT_DefaultInterruptHandler
 This function is called by:
		_INT_ISR
 This function uses a non-reentrant model


 *************** function _INT_DefaultInterruptHandler *****************
 Defined at:
		line 77 in file "mcc_generated_files/ext_int.c"
 Parameters:    Size  Location     Type
		None
 Auto vars:     Size  Location     Type
		None
 Return value:  Size  Location     Type
                  1    wreg      void 
 Registers used:
		None
 Tracked objects:
		On entry : 
		On exit  : 
		Unchanged: 
 Data sizes:     COMMON   BANK0   BANK1   BANK2   BANK3   BANK4   BANK5   BANK6   BANK7   BANK8   BANK9  BANK10  BANK11  BANK12
      Params:         0       0       0       0       0       0       0       0       0       0       0       0       0       0
      Locals:         0       0       0       0       0       0       0       0       0       0       0       0       0       0
      Temps:          0       0       0       0       0       0       0       0       0       0       0       0       0       0
      Totals:         0       0       0       0       0       0       0       0       0       0       0       0       0       0
Total ram usage:        0 bytes
 Hardware stack levels used:    1
 This function calls:
		Nothing
 This function is called by:
		_EXT_INT_Initialize
		_INT_CallBack
 This function uses a non-reentrant model



MODULE INFORMATION

Module		Function		Class		Link	Load	Size
C:\Program Files (x86)\Microchip\xc8\v1.44\sources\common\awtoft.c
		___awtoft      		CODE           	0801	0000	34

C:\Program Files (x86)\Microchip\xc8\v1.44\sources\common\awtoft.c estimated size: 34

C:\Program Files (x86)\Microchip\xc8\v1.44\sources\common\lwmod.c
		___lwmod       		CODE           	1770	0000	46

C:\Program Files (x86)\Microchip\xc8\v1.44\sources\common\lwmod.c estimated size: 46

C:\Program Files (x86)\Microchip\xc8\v1.44\sources\common\altoft.c
		___altoft      		CODE           	0898	0000	62

C:\Program Files (x86)\Microchip\xc8\v1.44\sources\common\altoft.c estimated size: 62

C:\Program Files (x86)\Microchip\xc8\v1.44\sources\common\putch.c
		_putch         		CODE           	0003	0000	2

C:\Program Files (x86)\Microchip\xc8\v1.44\sources\common\putch.c estimated size: 2

C:\Program Files (x86)\Microchip\xc8\v1.44\sources\common\frexp.c
		_ldexp         		CODE           	09AD	0000	122
		_frexp         		CODE           	085D	0000	60

C:\Program Files (x86)\Microchip\xc8\v1.44\sources\common\frexp.c estimated size: 182

C:\Program Files (x86)\Microchip\xc8\v1.44\sources\common\lwtoft.c
		___lwtoft      		CODE           	1696	0000	20

C:\Program Files (x86)\Microchip\xc8\v1.44\sources\common\lwtoft.c estimated size: 20

mcc_generated_files/interrupt_manager.c
		_INTERRUPT_InterruptManager		CODE           	0004	0000	16

mcc_generated_files/interrupt_manager.c estimated size: 16

C:\Program Files (x86)\Microchip\xc8\v1.44\sources\common\lltoft.c
		___lltoft      		CODE           	1747	0000	42

C:\Program Files (x86)\Microchip\xc8\v1.44\sources\common\lltoft.c estimated size: 42

C:\Program Files (x86)\Microchip\xc8\v1.44\sources\common\floor.c
		_floor         		CODE           	0B3E	0000	155

C:\Program Files (x86)\Microchip\xc8\v1.44\sources\common\floor.c estimated size: 155

C:\Program Files (x86)\Microchip\xc8\v1.44\sources\common\ftmul.c
		___ftmul       		CODE           	0C81	0000	181

C:\Program Files (x86)\Microchip\xc8\v1.44\sources\common\ftmul.c estimated size: 181

C:\Program Files (x86)\Microchip\xc8\v1.44\sources\common\ftdiv.c
		___ftdiv       		CODE           	0BD8	0000	170

C:\Program Files (x86)\Microchip\xc8\v1.44\sources\common\ftdiv.c estimated size: 170

mcc_generated_files/pin_manager.c
		_PIN_MANAGER_Initialize		CODE           	16D4	0000	28

mcc_generated_files/pin_manager.c estimated size: 28

C:\Program Files (x86)\Microchip\xc8\v1.44\sources\common\ftge.c
		___ftge        		CODE           	0822	0000	60

C:\Program Files (x86)\Microchip\xc8\v1.44\sources\common\ftge.c estimated size: 60

C:\Program Files (x86)\Microchip\xc8\v1.44\sources\common\lwdiv.c
		___lwdiv       		CODE           	17CC	0000	53

C:\Program Files (x86)\Microchip\xc8\v1.44\sources\common\lwdiv.c estimated size: 53

C:\Program Files (x86)\Microchip\xc8\v1.44\sources\common\doprnt.c
		__doprnt       		CODE           	05A8	0000	288

C:\Program Files (x86)\Microchip\xc8\v1.44\sources\common\doprnt.c estimated size: 288

mcc_generated_files/adc.c
		_ADC_Initialize		CODE           	1662	0000	10
		_ADC_GetConversion		CODE           	16A9	0000	22

mcc_generated_files/adc.c estimated size: 32

C:\Program Files (x86)\Microchip\xc8\v1.44\sources\common\Umul16.c
		___wmul        		CODE           	07E5	0000	28

C:\Program Files (x86)\Microchip\xc8\v1.44\sources\common\Umul16.c estimated size: 28

C:\Program Files (x86)\Microchip\xc8\v1.44\sources\common\exp.c
		_exp           		CODE           	044A	0000	351

C:\Program Files (x86)\Microchip\xc8\v1.44\sources\common\exp.c estimated size: 351

C:\Program Files (x86)\Microchip\xc8\v1.44\sources\common\fttol.c
		___fttol       		CODE           	0A26	0000	136

C:\Program Files (x86)\Microchip\xc8\v1.44\sources\common\fttol.c estimated size: 136

mcc_generated_files/ext_int.c
		_INT_DefaultInterruptHandler		CODE           	0002	0000	2
		_EXT_INT_Initialize		CODE           	167F	0000	12
		_INT_SetInterruptHandler		CODE           	164A	0000	7
		_INT_CallBack  		CODE           	1674	0000	12
		_INT_ISR       		CODE           	163E	0000	5

mcc_generated_files/ext_int.c estimated size: 38

C:\Program Files (x86)\Microchip\xc8\v1.44\sources\common\evalpoly.c
		_eval_poly     		CODE           	0939	0000	117

C:\Program Files (x86)\Microchip\xc8\v1.44\sources\common\evalpoly.c estimated size: 117

shared
		exp@coeff      		STRCODE        	182B	0000	31
		_m             		STRCODE        	0000	0000	0
		_dpowers       		STRCODE        	1889	0000	11
		_m2            		STRCODE        	0000	0000	0
		__initialization		CODE           	0015	0000	48
		log@coeff      		STRCODE        	1849	0000	28

shared estimated size: 118

C:\Program Files (x86)\Microchip\xc8\v1.44\sources\common\ftadd.c
		___ftadd       		CODE           	0E01	0000	247

C:\Program Files (x86)\Microchip\xc8\v1.44\sources\common\ftadd.c estimated size: 247

mcc_generated_files/mcc.c
		_WDT_Initialize		CODE           	1642	0000	5
		_OSCILLATOR_Initialize		CODE           	1650	0000	7
		_SYSTEM_Initialize		CODE           	168A	0000	13

mcc_generated_files/mcc.c estimated size: 25

C:\Program Files (x86)\Microchip\xc8\v1.44\sources\common\log.c
		_log           		CODE           	0D35	0000	205

C:\Program Files (x86)\Microchip\xc8\v1.44\sources\common\log.c estimated size: 205

C:\Program Files (x86)\Microchip\xc8\v1.44\sources\common\Umul32.c
		___lmul        		CODE           	179D	0000	48

C:\Program Files (x86)\Microchip\xc8\v1.44\sources\common\Umul32.c estimated size: 48

C:\Program Files (x86)\Microchip\xc8\v1.44\sources\common\ftneg.c
		___ftneg       		CODE           	166B	0000	10

C:\Program Files (x86)\Microchip\xc8\v1.44\sources\common\ftneg.c estimated size: 10

main.c
		_main          		CODE           	0048	0000	1027
		_dit_dah       		CODE           	0AAD	0000	146
		_sendChar      		CODE           	06C7	0000	287

main.c estimated size: 1460

C:\Program Files (x86)\Microchip\xc8\v1.44\sources\common\printf.c
		_printf        		CODE           	16BE	0000	23

C:\Program Files (x86)\Microchip\xc8\v1.44\sources\common\printf.c estimated size: 23

C:\Program Files (x86)\Microchip\xc8\v1.44\sources\common\sprintf.c
		_sprintf       		CODE           	1729	0000	31

C:\Program Files (x86)\Microchip\xc8\v1.44\sources\common\sprintf.c estimated size: 31

C:\Program Files (x86)\Microchip\xc8\v1.44\sources\common\ftsub.c
		___ftsub       		CODE           	170B	0000	31

C:\Program Files (x86)\Microchip\xc8\v1.44\sources\common\ftsub.c estimated size: 31

C:\Program Files (x86)\Microchip\xc8\v1.44\sources\common\pow.c
		_pow           		CODE           	0EF7	0000	266

C:\Program Files (x86)\Microchip\xc8\v1.44\sources\common\pow.c estimated size: 266

C:\Program Files (x86)\Microchip\xc8\v1.44\sources\common\float.c
		___ftpack      		CODE           	08D5	0000	101

C:\Program Files (x86)\Microchip\xc8\v1.44\sources\common\float.c estimated size: 101

